------------------------------
  Elements     Atomic Weight  
------------------------------
  1.	C         12.01099968
  2.	H          1.00800002
  3.	O         15.99899960
------------------------------


------------------------------------------------------------------------------------------------------
                                                Molecular        Temperature        Elements
  Species                  Phase  Charge         weight         Low      High       C       H       O
------------------------------------------------------------------------------------------------------
    1. NC16H34               G      0          226.447995    300.00   3500.00      16      34       0
    2. H2                    G      0            2.016000    200.00   3500.00       0       2       0
    3. O2                    G      0           31.997999    200.00   3500.00       0       0       2
    4. NC16H34(L)            G      0          226.447995    300.00   3500.00      16      34       0
------------------------------------------------------------------------------------------------------

------------------------------------------------------------------------------------------------------
                                                Molecular        Temperature        Elements
  Species                  Phase  Charge         weight         Low      High       C       H       O
------------------------------------------------------------------------------------------------------
    3. O2                    G      0           31.997999    200.00   3500.00       0       0       2
    2. H2                    G      0            2.016000    200.00   3500.00       0       2       0
    1. NC16H34               G      0          226.447995    300.00   3500.00      16      34       0
    4. NC16H34(L)            G      0          226.447995    300.00   3500.00      16      34       0
------------------------------------------------------------------------------------------------------

---------------------------------------------------------------------------------------
                                LIQUID MECHANISM                                       
---------------------------------------------------------------------------------------

       Number of materials:       1
       Number of liquid species:   1

       Materials: 
       LIQUIDMIX

       ------------------------------------------------------------------------------------------------------------------
       LIQUIDMIX               global-index    liquid-index    local-index     
       ------------------------------------------------------------------------------------------------------------------
       NC16H34(L)              4               1               1               

--------------------------------------------------------------------------------------------------------
                                  CHEMICAL REACTIONS                                                  

                         Units: [kmol, m3, s] and [cal/mol]                                           
--------------------------------------------------------------------------------------------------------


