 ----------------------------------------------------------------------------------------------------------------------------------------------------------------------------------------------------------------------------------------------------------
                     SPECIFIC HEAT COEFFICIENTS                                                                     

             Cp = A + B*T + C*T^2 + D*T^3 + E*T^4  [J/kg/K]                                                         

    Species                      Cp(298K)         Cp(1000K)          LT-HT            A(LT)            B(LT)            C(LT)            D(LT)            E(LT)             A(HT)           B(HT)            C(HT)            D(HT)           E(HT)      
 ----------------------------------------------------------------------------------------------------------------------------------------------------------------------------------------------------------------------------------------------------------

    1. NC16H34                  1.638303e+03     3.735987e+03     1.800000e+03    -1.336707e+02     7.203547e+00    -4.654185e-03     1.518777e-06    -1.984806e-10     1.829272e+03     2.841452e+00    -1.019106e-03     1.724511e-07    -1.149088e-11
    2. H2                       1.424523e+04     1.498777e+04     7.000000e+02     1.089642e+04     2.266389e+01    -5.244530e-02     5.309921e-05    -1.938506e-08     1.559786e+04    -4.201495e+00     5.123384e-03    -1.728104e-06     1.961255e-10
    3. O2                       9.191957e+02     1.088754e+03     7.000000e+02     9.728631e+02    -7.268857e-01     2.546782e-03    -2.683131e-06     9.872255e-10     7.327900e+02     6.449603e-01    -3.928883e-04     1.165543e-07    -1.266231e-11
    4. NC16H34(L)               1.638303e+03     3.735987e+03     1.800000e+03    -1.336707e+02     7.203547e+00    -4.654185e-03     1.518777e-06    -1.984806e-10     1.829272e+03     2.841452e+00    -1.019106e-03     1.724511e-07    -1.149088e-11

 ----------------------------------------------------------------------------------------------------------------------------------------------------------------------------------------------------------------------------------------------------------


 -------------------------------------------------------------------------------------------------------------------------------------------------------------------------------------------------------------------------------------------------------------------------------------------
                           ENTHALPY COEFFICIENTS                                                                     

             H/(RT) = A + B*T + C*T^2 + D*T^3 + E*T^4 + F/T  [-]                                                         

    Species                   H(298K)[J/kmol]  H(1000K)[J/kmol]      LT-HT            A(LT)            B(LT)            C(LT)            D(LT)            E(LT)           F(LT)             A(HT)            B(HT)            C(HT)           D(HT)             E(HT)            F(HT)      
 -------------------------------------------------------------------------------------------------------------------------------------------------------------------------------------------------------------------------------------------------------------------------------------------

    1. NC16H34                 -3.743007e+08     8.195626e+07     1.800000e+03    -3.640580e+00     9.809587e-02    -4.225292e-05     1.034114e-08    -1.081141e-12    -5.160529e+04     4.982102e+01     3.869408e-02    -9.251930e-06     1.174195e-09    -6.259185e-14    -7.085147e+04
    2. H2                      -7.522648e+03     2.069177e+07     7.000000e+02     2.642044e+00     2.747646e-03    -4.238788e-06     3.218729e-09    -9.400555e-13    -9.432366e+02     3.781999e+00    -5.093663e-04     4.140874e-07    -1.047530e-10     9.510876e-15    -1.102830e+03
    3. O2                      -1.079679e+04     2.268365e+07     7.000000e+02     3.744039e+00    -1.398701e-03     3.267075e-06    -2.581491e-09     7.598625e-13    -1.060698e+03     2.820124e+00     1.241057e-03    -5.040070e-07     1.121391e-10    -9.746113e-15    -9.313501e+02
    4. NC16H34(L)              -3.743007e+08     8.195626e+07     1.800000e+03    -3.640580e+00     9.809587e-02    -4.225292e-05     1.034114e-08    -1.081141e-12    -5.160529e+04     4.982102e+01     3.869408e-02    -9.251930e-06     1.174195e-09    -6.259185e-14    -7.085147e+04

 -------------------------------------------------------------------------------------------------------------------------------------------------------------------------------------------------------------------------------------------------------------------------------------------


 -------------------------------------------------------------------------------------------------------------------------------------------------------------------------------------------------------------------------------------------------------------------------------------------
                             ENTROPY COEFFICIENTS                                                                     

             S/R = A*lnT + B*T + C*T^2 + D*T^3 + E*T^4 + F  [-]                                                         

    Species                 S(298K)[J/kmol/K] S(1000K)[J/kmol/K]     LT-HT            A(LT)            B(LT)            C(LT)            D(LT)            E(LT)           F(LT)             A(HT)            B(HT)            C(HT)           D(HT)             E(HT)            F(HT)      
 -------------------------------------------------------------------------------------------------------------------------------------------------------------------------------------------------------------------------------------------------------------------------------------------

    1. NC16H34                  8.061103e+05     1.534878e+06     1.800000e+03    -3.640580e+00     1.961917e-01    -6.337938e-05     1.378818e-08    -1.351426e-12     6.450250e+01     4.982102e+01     7.738817e-02    -1.387789e-05     1.565594e-09    -7.823981e-14    -2.248429e+02
    2. H2                       1.306785e+05     1.662433e+05     7.000000e+02     2.642044e+00     5.495293e-03    -6.358182e-06     4.291639e-09    -1.175069e-12    -5.122311e-01     3.781999e+00    -1.018733e-03     6.211312e-07    -1.396706e-10     1.188859e-14    -5.605259e+00
    3. O2                       2.051131e+05     2.435581e+05     7.000000e+02     3.744039e+00    -2.797401e-03     4.900613e-06    -3.441988e-09     9.498281e-13     3.821326e+00     2.820124e+00     2.482114e-03    -7.560105e-07     1.495187e-10    -1.218264e-14     7.949146e+00
    4. NC16H34(L)               8.061103e+05     1.534878e+06     1.800000e+03    -3.640580e+00     1.961917e-01    -6.337938e-05     1.378818e-08    -1.351426e-12     6.450250e+01     4.982102e+01     7.738817e-02    -1.387789e-05     1.565594e-09    -7.823981e-14    -2.248429e+02

 -------------------------------------------------------------------------------------------------------------------------------------------------------------------------------------------------------------------------------------------------------------------------------------------


