-----------------------------------------------------------------------------------------------------------------------------------------------------
Name                              MW       Cp@298K        H@298K        G@298K        S@298K      Cp@1000K       H@1000K       G@1000K       S@1000K 
                           [kg/kmol]   [cal/mol/K]    [kcal/mol]    [kcal/mol]   [cal/mol/K]   [cal/mol/K]    [kcal/mol]    [kcal/mol]   [cal/mol/K] 
-----------------------------------------------------------------------------------------------------------------------------------------------------
NC16H34                     226.4480       88.6597      -89.4508     -146.8591      192.6452      202.1797       19.5860     -347.2209      366.8069
H2                            2.0160        6.8632       -0.0018       -9.3082       31.2297        7.2209        4.9449      -34.7841       39.7290
O2                           31.9980        7.0290       -0.0026      -14.6100       49.0182        8.3256        5.4210      -52.7848       58.2058
NC16H34(L)                  226.4480       88.6597      -89.4508     -146.8591      192.6452      202.1797       19.5860     -347.2209      366.8069
-----------------------------------------------------------------------------------------------------------------------------------------------------

 ====================================================================================================
   THERMO TABLE FOR MOLECULE NC16H34
 ====================================================================================================
   Elemental Composition:
     C 16.0000
     H 34.0000
   Formation Enthalpy at 298K =          -89.4508 kcal/mol
   Formation Free Gibbs Energy at 298K = -146.8591 kcal/mol
   Molecular Weight =                    226.4480 kg/kmol
 -----------------------------------------------------------------------------------------------------
   Temperature       Cp             H             G            S             DH            DG         
       [K]       [cal/mol/K]    [kcal/mol]    [kcal/mol]  [cal/(mol-K)]  [kcal/mol]     [kcal/mol]    
 -----------------------------------------------------------------------------------------------------
     300.0000      89.1800       -89.2730      -147.2450     193.2400      0.1778        -0.3859       
     600.0000      152.3542      -52.3487      -217.9638     276.0251      37.1021       -71.1047      
     800.0000      181.1184      -18.8535      -278.0588     324.0066      70.5973       -131.1997     
     1000.0000     202.1797      19.5860       -347.2209     366.8069      109.0368      -200.3618     
     1200.0000     217.6273      61.6450       -424.4815     405.1054      151.0959      -277.6224     
     1400.0000     229.1377      106.3754      -509.0069     439.5587      195.8262      -362.1478     
     1600.0000     237.9753      153.1228      -600.0882     470.7569      242.5737      -453.2291     
     1800.0000     244.9917      201.4450      -697.1266     499.2064      290.8958      -550.2675     
     2000.0000     250.6424      251.0290      -799.6154     525.3222      340.4798      -652.7563     
     2200.0000     255.1646      301.6267      -907.1218     549.4312      391.0776      -760.2627     
     2400.0000     258.7558      353.0328      -1019.2715    571.7934      442.4836      -872.4124     
     2600.0000     261.5891      405.0786      -1135.7370    592.6214      494.5294      -988.8779     
 -----------------------------------------------------------------------------------------------------


 ====================================================================================================
   THERMO TABLE FOR MOLECULE H2
 ====================================================================================================
   Elemental Composition:
     H 2.0000
   Formation Enthalpy at 298K =          -0.0018 kcal/mol
   Formation Free Gibbs Energy at 298K = -9.3082 kcal/mol
   Molecular Weight =                    2.0160 kg/kmol
 -----------------------------------------------------------------------------------------------------
   Temperature       Cp             H             G            S             DH            DG         
       [K]       [cal/mol/K]    [kcal/mol]    [kcal/mol]  [cal/(mol-K)]  [kcal/mol]     [kcal/mol]    
 -----------------------------------------------------------------------------------------------------
     300.0000      6.8665        0.0119        -9.3708       31.2756       0.0137        -0.0625       
     600.0000      7.0204        2.1055        -19.5588      36.1071       2.1072        -10.2506      
     800.0000      7.0876        3.5150        -26.9923      38.1342       3.5168        -17.6841      
     1000.0000     7.2209        4.9449        -34.7841      39.7290       4.9467        -25.4758      
     1200.0000     7.3975        6.4062        -42.8666      41.0607       6.4080        -33.5583      
     1400.0000     7.5973        7.9055        -51.1967      42.2158       7.9073        -41.8884      
     1600.0000     7.8041        9.4456        -59.7445      43.2438       9.4474        -50.4362      
     1800.0000     8.0051        11.0267       -68.4877      44.1747       11.0285       -59.1795      
     2000.0000     8.1911        12.6467       -77.4092      45.0279       12.6485       -68.1009      
     2200.0000     8.3567        14.3018       -86.4946      45.8166       14.3036       -77.1864      
     2400.0000     8.5000        15.9878       -95.7321      46.5500       15.9896       -86.4239      
     2600.0000     8.6227        17.7004       -105.1114     47.2353       17.7022       -95.8031      
 -----------------------------------------------------------------------------------------------------


 ====================================================================================================
   THERMO TABLE FOR MOLECULE O2
 ====================================================================================================
   Elemental Composition:
     O 2.0000
   Formation Enthalpy at 298K =          -0.0026 kcal/mol
   Formation Free Gibbs Energy at 298K = -14.6100 kcal/mol
   Molecular Weight =                    31.9980 kg/kmol
 -----------------------------------------------------------------------------------------------------
   Temperature       Cp             H             G            S             DH            DG         
       [K]       [cal/mol/K]    [kcal/mol]    [kcal/mol]  [cal/(mol-K)]  [kcal/mol]     [kcal/mol]    
 -----------------------------------------------------------------------------------------------------
     300.0000      7.0318        0.0115        -14.7081      49.0652       0.0141        -0.0981       
     600.0000      7.6619        2.2104        -30.2617      54.1201       2.2129        -15.6517      
     800.0000      8.0430        3.7827        -41.3206      56.3791       3.7853        -26.7106      
     1000.0000     8.3256        5.4210        -52.7848      58.2058       5.4235        -38.1748      
     1200.0000     8.5350        7.1080        -64.5838      59.7432       7.1106        -49.9738      
     1400.0000     8.6934        8.8316        -76.6682      61.0713       8.8342        -62.0582      
     1600.0000     8.8196        10.5833       -89.0017      62.2406       10.5859       -74.3917      
     1800.0000     8.9284        12.3583       -101.5562     63.2858       12.3608       -86.9462      
     2000.0000     9.0310        14.1542       -114.3095     64.2319       14.1568       -99.6995      
     2200.0000     9.1348        15.9707       -127.2436     65.0974       15.9733       -112.6336     
     2400.0000     9.2436        17.8085       -140.3440     65.8969       17.8111       -125.7340     
     2600.0000     9.3574        19.6685       -153.5987     66.6412       19.6711       -138.9887     
 -----------------------------------------------------------------------------------------------------


 ====================================================================================================
   THERMO TABLE FOR MOLECULE NC16H34(L)
 ====================================================================================================
   Elemental Composition:
     C 16.0000
     H 34.0000
   Formation Enthalpy at 298K =          -89.4508 kcal/mol
   Formation Free Gibbs Energy at 298K = -146.8591 kcal/mol
   Molecular Weight =                    226.4480 kg/kmol
 -----------------------------------------------------------------------------------------------------
   Temperature       Cp             H             G            S             DH            DG         
       [K]       [cal/mol/K]    [kcal/mol]    [kcal/mol]  [cal/(mol-K)]  [kcal/mol]     [kcal/mol]    
 -----------------------------------------------------------------------------------------------------
     300.0000      89.1800       -89.2730      -147.2450     193.2400      0.1778        -0.3859       
     600.0000      152.3542      -52.3487      -217.9638     276.0251      37.1021       -71.1047      
     800.0000      181.1184      -18.8535      -278.0588     324.0066      70.5973       -131.1997     
     1000.0000     202.1797      19.5860       -347.2209     366.8069      109.0368      -200.3618     
     1200.0000     217.6273      61.6450       -424.4815     405.1054      151.0959      -277.6224     
     1400.0000     229.1377      106.3754      -509.0069     439.5587      195.8262      -362.1478     
     1600.0000     237.9753      153.1228      -600.0882     470.7569      242.5737      -453.2291     
     1800.0000     244.9917      201.4450      -697.1266     499.2064      290.8958      -550.2675     
     2000.0000     250.6424      251.0290      -799.6154     525.3222      340.4798      -652.7563     
     2200.0000     255.1646      301.6267      -907.1218     549.4312      391.0776      -760.2627     
     2400.0000     258.7558      353.0328      -1019.2715    571.7934      442.4836      -872.4124     
     2600.0000     261.5891      405.0786      -1135.7370    592.6214      494.5294      -988.8779     
 -----------------------------------------------------------------------------------------------------


