------------------------------
  Elements     Atomic Weight  
------------------------------
  1.	C         12.01099968
  2.	H          1.00800002
  3.	O         15.99899960
------------------------------


------------------------------------------------------------------------------------------------------
                                                Molecular        Temperature        Elements
  Species                  Phase  Charge         weight         Low      High       C       H       O
------------------------------------------------------------------------------------------------------
    1. NC12H26               G      0          170.339997    300.00   3500.00      12      26       0
    2. H2                    G      0            2.016000    200.00   3500.00       0       2       0
    3. O2                    G      0           31.997999    200.00   3500.00       0       0       2
------------------------------------------------------------------------------------------------------

------------------------------------------------------------------------------------------------------
                                                Molecular        Temperature        Elements
  Species                  Phase  Charge         weight         Low      High       C       H       O
------------------------------------------------------------------------------------------------------
    3. O2                    G      0           31.997999    200.00   3500.00       0       0       2
    2. H2                    G      0            2.016000    200.00   3500.00       0       2       0
    1. NC12H26               G      0          170.339997    300.00   3500.00      12      26       0
------------------------------------------------------------------------------------------------------

------------------------------------------------------------------------------------------------------------------
  Species                  Shape       eps/kb          sigma             mu           alfa        zRot298         
------------------------------------------------------------------------------------------------------------------
    1. NC12H26               2       580.0000         7.6000         0.0000         0.0000         1.0000
    2. H2                    1        38.0000         2.9200         0.0000         0.7900       280.0000
    3. O2                    1       107.4000         3.4580         0.0000         1.6000         3.8000
------------------------------------------------------------------------------------------------------------------


------------------------------------------------------------------------------------------------------------------
  Species                  Shape       eps/kb          sigma             mu           alfa        zRot298         
------------------------------------------------------------------------------------------------------------------
    1. NC12H26               2       580.0000         7.6000         0.0000         0.0000         1.0000
    2. H2                    1        38.0000         2.9200         0.0000         0.7900       280.0000
    3. O2                    1       107.4000         3.4580         0.0000         1.6000         3.8000
------------------------------------------------------------------------------------------------------------------


---------------------------------------------------------------------------------------
                                  CHEMICAL REACTIONS                                   

                          Units: [mol, cm3, s] and [cal/mol]                           
---------------------------------------------------------------------------------------


