-----------------------------------------------------------------------------------------------------------------------------------------------------
Name                              MW       Cp@298K        H@298K        G@298K        S@298K      Cp@1000K       H@1000K       G@1000K       S@1000K 
                           [kg/kmol]   [cal/mol/K]    [kcal/mol]    [kcal/mol]   [cal/mol/K]   [cal/mol/K]    [kcal/mol]    [kcal/mol]   [cal/mol/K] 
-----------------------------------------------------------------------------------------------------------------------------------------------------
NC12H26                     170.3400       66.8475      -69.7260     -115.9088      154.9760      152.8523       12.5982     -273.8369      286.4351
H2                            2.0160        6.8632       -0.0018       -9.3082       31.2297        7.2209        4.9449      -34.7841       39.7290
O2                           31.9980        7.0290       -0.0026      -14.6100       49.0182        8.3256        5.4210      -52.7848       58.2058
NC12H26(L)                  170.3400       66.8475      -69.7260     -115.9088      154.9760      152.8523       12.5982     -273.8369      286.4351
-----------------------------------------------------------------------------------------------------------------------------------------------------

 ====================================================================================================
   THERMO TABLE FOR MOLECULE NC12H26
 ====================================================================================================
   Elemental Composition:
     C 12.0000
     H 26.0000
   Formation Enthalpy at 298K =          -69.7260 kcal/mol
   Formation Free Gibbs Energy at 298K = -115.9088 kcal/mol
   Molecular Weight =                    170.3400 kg/kmol
 -----------------------------------------------------------------------------------------------------
   Temperature       Cp             H             G            S             DH            DG         
       [K]       [cal/mol/K]    [kcal/mol]    [kcal/mol]  [cal/(mol-K)]  [kcal/mol]     [kcal/mol]    
 -----------------------------------------------------------------------------------------------------
     300.0000      67.2397       -69.5919      -116.2192     155.4245      0.1341        -0.3104       
     600.0000      114.9782      -41.7404      -172.4593     217.8649      27.9856       -56.5505      
     800.0000      136.8096      -16.4506      -219.7237     254.0914      53.2753       -103.8149     
     1000.0000     152.8523      12.5982       -273.8369     286.4351      82.3242       -157.9281     
     1200.0000     164.6565      44.4084       -334.0726     315.4008      114.1344      -218.1638     
     1400.0000     173.4698      78.2621       -399.8047     341.4762      147.9880      -283.8958     
     1600.0000     180.2369      113.6606      -470.4998     365.1002      183.3865      -354.5910     
     1800.0000     185.5994      150.2639      -545.7067     386.6503      219.9898      -429.7978     
     2000.0000     189.9078      187.8304      -625.0425     406.4365      257.5564      -509.1337     
     2200.0000     193.3508      226.1693      -708.1801     424.7043      295.8953      -592.2713     
     2400.0000     196.0844      265.1235      -794.8361     441.6499      334.8495      -678.9273     
     2600.0000     198.2436      304.5648      -884.7627     457.4337      374.2908      -768.8538     
 -----------------------------------------------------------------------------------------------------


 ====================================================================================================
   THERMO TABLE FOR MOLECULE H2
 ====================================================================================================
   Elemental Composition:
     H 2.0000
   Formation Enthalpy at 298K =          -0.0018 kcal/mol
   Formation Free Gibbs Energy at 298K = -9.3082 kcal/mol
   Molecular Weight =                    2.0160 kg/kmol
 -----------------------------------------------------------------------------------------------------
   Temperature       Cp             H             G            S             DH            DG         
       [K]       [cal/mol/K]    [kcal/mol]    [kcal/mol]  [cal/(mol-K)]  [kcal/mol]     [kcal/mol]    
 -----------------------------------------------------------------------------------------------------
     300.0000      6.8665        0.0119        -9.3708       31.2756       0.0137        -0.0625       
     600.0000      7.0204        2.1055        -19.5588      36.1071       2.1072        -10.2506      
     800.0000      7.0876        3.5150        -26.9923      38.1342       3.5168        -17.6841      
     1000.0000     7.2209        4.9449        -34.7841      39.7290       4.9467        -25.4758      
     1200.0000     7.3975        6.4062        -42.8666      41.0607       6.4080        -33.5583      
     1400.0000     7.5973        7.9055        -51.1967      42.2158       7.9073        -41.8884      
     1600.0000     7.8041        9.4456        -59.7445      43.2438       9.4474        -50.4362      
     1800.0000     8.0051        11.0267       -68.4877      44.1747       11.0285       -59.1795      
     2000.0000     8.1911        12.6467       -77.4092      45.0279       12.6485       -68.1009      
     2200.0000     8.3567        14.3018       -86.4946      45.8166       14.3036       -77.1864      
     2400.0000     8.5000        15.9878       -95.7321      46.5500       15.9896       -86.4239      
     2600.0000     8.6227        17.7004       -105.1114     47.2353       17.7022       -95.8031      
 -----------------------------------------------------------------------------------------------------


 ====================================================================================================
   THERMO TABLE FOR MOLECULE O2
 ====================================================================================================
   Elemental Composition:
     O 2.0000
   Formation Enthalpy at 298K =          -0.0026 kcal/mol
   Formation Free Gibbs Energy at 298K = -14.6100 kcal/mol
   Molecular Weight =                    31.9980 kg/kmol
 -----------------------------------------------------------------------------------------------------
   Temperature       Cp             H             G            S             DH            DG         
       [K]       [cal/mol/K]    [kcal/mol]    [kcal/mol]  [cal/(mol-K)]  [kcal/mol]     [kcal/mol]    
 -----------------------------------------------------------------------------------------------------
     300.0000      7.0318        0.0115        -14.7081      49.0652       0.0141        -0.0981       
     600.0000      7.6619        2.2104        -30.2617      54.1201       2.2129        -15.6517      
     800.0000      8.0430        3.7827        -41.3206      56.3791       3.7853        -26.7106      
     1000.0000     8.3256        5.4210        -52.7848      58.2058       5.4235        -38.1748      
     1200.0000     8.5350        7.1080        -64.5838      59.7432       7.1106        -49.9738      
     1400.0000     8.6934        8.8316        -76.6682      61.0713       8.8342        -62.0582      
     1600.0000     8.8196        10.5833       -89.0017      62.2406       10.5859       -74.3917      
     1800.0000     8.9284        12.3583       -101.5562     63.2858       12.3608       -86.9462      
     2000.0000     9.0310        14.1542       -114.3095     64.2319       14.1568       -99.6995      
     2200.0000     9.1348        15.9707       -127.2436     65.0974       15.9733       -112.6336     
     2400.0000     9.2436        17.8085       -140.3440     65.8969       17.8111       -125.7340     
     2600.0000     9.3574        19.6685       -153.5987     66.6412       19.6711       -138.9887     
 -----------------------------------------------------------------------------------------------------


 ====================================================================================================
   THERMO TABLE FOR MOLECULE NC12H26(L)
 ====================================================================================================
   Elemental Composition:
     C 12.0000
     H 26.0000
   Formation Enthalpy at 298K =          -69.7260 kcal/mol
   Formation Free Gibbs Energy at 298K = -115.9088 kcal/mol
   Molecular Weight =                    170.3400 kg/kmol
 -----------------------------------------------------------------------------------------------------
   Temperature       Cp             H             G            S             DH            DG         
       [K]       [cal/mol/K]    [kcal/mol]    [kcal/mol]  [cal/(mol-K)]  [kcal/mol]     [kcal/mol]    
 -----------------------------------------------------------------------------------------------------
     300.0000      67.2397       -69.5919      -116.2192     155.4245      0.1341        -0.3104       
     600.0000      114.9782      -41.7404      -172.4593     217.8649      27.9856       -56.5505      
     800.0000      136.8096      -16.4506      -219.7237     254.0914      53.2753       -103.8149     
     1000.0000     152.8523      12.5982       -273.8369     286.4351      82.3242       -157.9281     
     1200.0000     164.6565      44.4084       -334.0726     315.4008      114.1344      -218.1638     
     1400.0000     173.4698      78.2621       -399.8047     341.4762      147.9880      -283.8958     
     1600.0000     180.2369      113.6606      -470.4998     365.1002      183.3865      -354.5910     
     1800.0000     185.5994      150.2639      -545.7067     386.6503      219.9898      -429.7978     
     2000.0000     189.9078      187.8304      -625.0425     406.4365      257.5564      -509.1337     
     2200.0000     193.3508      226.1693      -708.1801     424.7043      295.8953      -592.2713     
     2400.0000     196.0844      265.1235      -794.8362     441.6499      334.8495      -678.9273     
     2600.0000     198.2436      304.5648      -884.7627     457.4337      374.2908      -768.8538     
 -----------------------------------------------------------------------------------------------------


