------------------------------
  Elements     Atomic Weight  
------------------------------
  1.	C         12.01099968
  2.	H          1.00800002
  3.	O         15.99899960
  4.	AR        39.94800186
------------------------------


--------------------------------------------------------------------------------------------------------------
                                                Molecular        Temperature        Elements
  Species                  Phase  Charge         weight         Low      High       C       H       O      AR
--------------------------------------------------------------------------------------------------------------
    1. NC16H34               G      0          226.447995    300.00   3500.00      16      34       0       0
    2. AR                    G      0           39.948002    200.00   3500.00       0       0       0       1
    3. O2                    G      0           31.997999    200.00   3500.00       0       0       2       0
--------------------------------------------------------------------------------------------------------------

--------------------------------------------------------------------------------------------------------------
                                                Molecular        Temperature        Elements
  Species                  Phase  Charge         weight         Low      High       C       H       O      AR
--------------------------------------------------------------------------------------------------------------
    2. AR                    G      0           39.948002    200.00   3500.00       0       0       0       1
    3. O2                    G      0           31.997999    200.00   3500.00       0       0       2       0
    1. NC16H34               G      0          226.447995    300.00   3500.00      16      34       0       0
--------------------------------------------------------------------------------------------------------------

------------------------------------------------------------------------------------------------------------------
  Species                  Shape       eps/kb          sigma             mu           alfa        zRot298         
------------------------------------------------------------------------------------------------------------------
    1. NC16H34               2       650.0000         8.3500         0.0000         0.0000         1.0000
    2. AR                    0       136.5000         3.3300         0.0000         0.0000         0.0000
    3. O2                    1       107.4000         3.4580         0.0000         1.6000         3.8000
------------------------------------------------------------------------------------------------------------------


------------------------------------------------------------------------------------------------------------------
  Species                  Shape       eps/kb          sigma             mu           alfa        zRot298         
------------------------------------------------------------------------------------------------------------------
    1. NC16H34               2       650.0000         8.3500         0.0000         0.0000         1.0000
    2. AR                    0       136.5000         3.3300         0.0000         0.0000         0.0000
    3. O2                    1       107.4000         3.4580         0.0000         1.6000         3.8000
------------------------------------------------------------------------------------------------------------------


---------------------------------------------------------------------------------------
                                  CHEMICAL REACTIONS                                   

                          Units: [mol, cm3, s] and [cal/mol]                           
---------------------------------------------------------------------------------------


