-----------------------------------------------------------------------------------------------------------------------------------------------------
Name                              MW       Cp@298K        H@298K        G@298K        S@298K      Cp@1000K       H@1000K       G@1000K       S@1000K 
                           [kg/kmol]   [cal/mol/K]    [kcal/mol]    [kcal/mol]   [cal/mol/K]   [cal/mol/K]    [kcal/mol]    [kcal/mol]   [cal/mol/K] 
-----------------------------------------------------------------------------------------------------------------------------------------------------
NC16H34                     226.4480       88.6597      -89.4508     -146.8591      192.6452      202.1797       19.5860     -347.2209      366.8069
AR                           39.9480        4.9675       -0.0007      -11.0276       37.0027        4.9675        3.4864      -39.5303       43.0167
O2                           31.9980        7.0290       -0.0026      -14.6100       49.0182        8.3256        5.4210      -52.7848       58.2058
NC16H34(L)                  226.4480       88.6597      -89.4508     -146.8591      192.6452      202.1797       19.5860     -347.2209      366.8069
-----------------------------------------------------------------------------------------------------------------------------------------------------

 ====================================================================================================
   THERMO TABLE FOR MOLECULE NC16H34
 ====================================================================================================
   Elemental Composition:
     C 16.0000
     H 34.0000
   Formation Enthalpy at 298K =          -89.4508 kcal/mol
   Formation Free Gibbs Energy at 298K = -146.8591 kcal/mol
   Molecular Weight =                    226.4480 kg/kmol
 -----------------------------------------------------------------------------------------------------
   Temperature       Cp             H             G            S             DH            DG         
       [K]       [cal/mol/K]    [kcal/mol]    [kcal/mol]  [cal/(mol-K)]  [kcal/mol]     [kcal/mol]    
 -----------------------------------------------------------------------------------------------------
     300.0000      89.1800       -89.2730      -147.2450     193.2400      0.1778        -0.3859       
     600.0000      152.3542      -52.3487      -217.9638     276.0251      37.1021       -71.1047      
     800.0000      181.1184      -18.8535      -278.0588     324.0066      70.5973       -131.1997     
     1000.0000     202.1797      19.5860       -347.2209     366.8069      109.0368      -200.3618     
     1200.0000     217.6273      61.6450       -424.4815     405.1054      151.0959      -277.6224     
     1400.0000     229.1377      106.3754      -509.0069     439.5587      195.8262      -362.1478     
     1600.0000     237.9753      153.1228      -600.0882     470.7569      242.5737      -453.2291     
     1800.0000     244.9917      201.4450      -697.1266     499.2064      290.8958      -550.2675     
     2000.0000     250.6424      251.0290      -799.6154     525.3222      340.4798      -652.7563     
     2200.0000     255.1646      301.6267      -907.1218     549.4312      391.0776      -760.2627     
     2400.0000     258.7558      353.0328      -1019.2715    571.7934      442.4836      -872.4124     
     2600.0000     261.5891      405.0786      -1135.7370    592.6214      494.5294      -988.8779     
 -----------------------------------------------------------------------------------------------------


 ====================================================================================================
   THERMO TABLE FOR MOLECULE AR
 ====================================================================================================
   Elemental Composition:
     AR 1.0000
   Formation Enthalpy at 298K =          -0.0007 kcal/mol
   Formation Free Gibbs Energy at 298K = -11.0276 kcal/mol
   Molecular Weight =                    39.9480 kg/kmol
 -----------------------------------------------------------------------------------------------------
   Temperature       Cp             H             G            S             DH            DG         
       [K]       [cal/mol/K]    [kcal/mol]    [kcal/mol]  [cal/(mol-K)]  [kcal/mol]     [kcal/mol]    
 -----------------------------------------------------------------------------------------------------
     300.0000      4.9675        0.0092        -11.1016      37.0360       0.0099        -0.0740       
     600.0000      4.9675        1.4994        -22.7881      40.4792       1.5002        -11.7605      
     800.0000      4.9675        2.4929        -31.0336      41.9082       2.4937        -20.0061      
     1000.0000     4.9675        3.4864        -39.5303      43.0167       3.4872        -28.5027      
     1200.0000     4.9675        4.4799        -48.2269      43.9224       4.4807        -37.1994      
     1400.0000     4.9675        5.4734        -57.0899      44.6881       5.4742        -46.0624      
     1600.0000     4.9675        6.4669        -66.0954      45.3514       6.4677        -55.0678      
     1800.0000     4.9675        7.4604        -75.2253      45.9365       7.4612        -64.1977      
     2000.0000     4.9675        8.4539        -84.4658      46.4599       8.4547        -73.4383      
     2200.0000     4.9675        9.4474        -93.8059      46.9333       9.4482        -82.7784      
     2400.0000     4.9675        10.4409       -103.2364     47.3656       10.4417       -92.2089      
     2600.0000     4.9675        11.4344       -112.7498     47.7632       11.4352       -101.7223     
 -----------------------------------------------------------------------------------------------------


 ====================================================================================================
   THERMO TABLE FOR MOLECULE O2
 ====================================================================================================
   Elemental Composition:
     O 2.0000
   Formation Enthalpy at 298K =          -0.0026 kcal/mol
   Formation Free Gibbs Energy at 298K = -14.6100 kcal/mol
   Molecular Weight =                    31.9980 kg/kmol
 -----------------------------------------------------------------------------------------------------
   Temperature       Cp             H             G            S             DH            DG         
       [K]       [cal/mol/K]    [kcal/mol]    [kcal/mol]  [cal/(mol-K)]  [kcal/mol]     [kcal/mol]    
 -----------------------------------------------------------------------------------------------------
     300.0000      7.0318        0.0115        -14.7081      49.0652       0.0141        -0.0981       
     600.0000      7.6619        2.2104        -30.2617      54.1201       2.2129        -15.6517      
     800.0000      8.0430        3.7827        -41.3206      56.3791       3.7853        -26.7106      
     1000.0000     8.3256        5.4210        -52.7848      58.2058       5.4235        -38.1748      
     1200.0000     8.5350        7.1080        -64.5838      59.7432       7.1106        -49.9738      
     1400.0000     8.6934        8.8316        -76.6682      61.0713       8.8342        -62.0582      
     1600.0000     8.8196        10.5833       -89.0017      62.2406       10.5859       -74.3917      
     1800.0000     8.9284        12.3583       -101.5562     63.2858       12.3608       -86.9462      
     2000.0000     9.0310        14.1542       -114.3095     64.2319       14.1568       -99.6995      
     2200.0000     9.1348        15.9707       -127.2436     65.0974       15.9733       -112.6336     
     2400.0000     9.2436        17.8085       -140.3440     65.8969       17.8111       -125.7340     
     2600.0000     9.3574        19.6685       -153.5987     66.6412       19.6711       -138.9887     
 -----------------------------------------------------------------------------------------------------


 ====================================================================================================
   THERMO TABLE FOR MOLECULE NC16H34(L)
 ====================================================================================================
   Elemental Composition:
     C 16.0000
     H 34.0000
   Formation Enthalpy at 298K =          -89.4508 kcal/mol
   Formation Free Gibbs Energy at 298K = -146.8591 kcal/mol
   Molecular Weight =                    226.4480 kg/kmol
 -----------------------------------------------------------------------------------------------------
   Temperature       Cp             H             G            S             DH            DG         
       [K]       [cal/mol/K]    [kcal/mol]    [kcal/mol]  [cal/(mol-K)]  [kcal/mol]     [kcal/mol]    
 -----------------------------------------------------------------------------------------------------
     300.0000      89.1800       -89.2730      -147.2450     193.2400      0.1778        -0.3859       
     600.0000      152.3542      -52.3487      -217.9638     276.0251      37.1021       -71.1047      
     800.0000      181.1184      -18.8535      -278.0588     324.0066      70.5973       -131.1997     
     1000.0000     202.1797      19.5860       -347.2209     366.8069      109.0368      -200.3618     
     1200.0000     217.6273      61.6450       -424.4815     405.1054      151.0959      -277.6224     
     1400.0000     229.1377      106.3754      -509.0069     439.5587      195.8262      -362.1478     
     1600.0000     237.9753      153.1228      -600.0882     470.7569      242.5737      -453.2291     
     1800.0000     244.9917      201.4450      -697.1266     499.2064      290.8958      -550.2675     
     2000.0000     250.6424      251.0290      -799.6154     525.3222      340.4798      -652.7563     
     2200.0000     255.1646      301.6267      -907.1218     549.4312      391.0776      -760.2627     
     2400.0000     258.7558      353.0328      -1019.2715    571.7934      442.4836      -872.4124     
     2600.0000     261.5891      405.0786      -1135.7370    592.6214      494.5294      -988.8779     
 -----------------------------------------------------------------------------------------------------


