 ----------------------------------------------------------------------------------------------------------------------------------------------------------------------------------------------------------------------------------------------------------
                     SPECIFIC HEAT COEFFICIENTS                                                                     

             Cp = A + B*T + C*T^2 + D*T^3 + E*T^4  [J/kg/K]                                                         

    Species                      Cp(298K)         Cp(1000K)          LT-HT            A(LT)            B(LT)            C(LT)            D(LT)            E(LT)             A(HT)           B(HT)            C(HT)            D(HT)           E(HT)      
 ----------------------------------------------------------------------------------------------------------------------------------------------------------------------------------------------------------------------------------------------------------

    1. NC16H34                  1.638303e+03     3.735987e+03     1.800000e+03    -1.336707e+02     7.203547e+00    -4.654185e-03     1.518777e-06    -1.984806e-10     1.829272e+03     2.841452e+00    -1.019106e-03     1.724511e-07    -1.149088e-11
    2. AR                       5.203269e+02     5.203266e+02     8.200000e+02     5.202772e+02     3.175454e-04    -6.605265e-07     5.709211e-10    -1.786839e-13     5.203593e+02    -8.289698e-05     7.199000e-08    -2.462077e-11     2.883737e-15
    3. O2                       9.191957e+02     1.088754e+03     7.000000e+02     9.728631e+02    -7.268857e-01     2.546782e-03    -2.683131e-06     9.872255e-10     7.327900e+02     6.449603e-01    -3.928883e-04     1.165543e-07    -1.266231e-11
    4. NC16H34(L)               1.638303e+03     3.735987e+03     1.800000e+03    -1.336707e+02     7.203547e+00    -4.654185e-03     1.518777e-06    -1.984806e-10     1.829272e+03     2.841452e+00    -1.019106e-03     1.724511e-07    -1.149088e-11

 ----------------------------------------------------------------------------------------------------------------------------------------------------------------------------------------------------------------------------------------------------------


 -------------------------------------------------------------------------------------------------------------------------------------------------------------------------------------------------------------------------------------------------------------------------------------------
                           ENTHALPY COEFFICIENTS                                                                     

             H/(RT) = A + B*T + C*T^2 + D*T^3 + E*T^4 + F/T  [-]                                                         

    Species                   H(298K)[J/kmol]  H(1000K)[J/kmol]      LT-HT            A(LT)            B(LT)            C(LT)            D(LT)            E(LT)           F(LT)             A(HT)            B(HT)            C(HT)           D(HT)             E(HT)            F(HT)      
 -------------------------------------------------------------------------------------------------------------------------------------------------------------------------------------------------------------------------------------------------------------------------------------------

    1. NC16H34                 -3.743007e+08     8.195626e+07     1.800000e+03    -3.640580e+00     9.809587e-02    -4.225292e-05     1.034114e-08    -1.081141e-12    -5.160529e+04     4.982102e+01     3.869408e-02    -9.251930e-06     1.174195e-09    -6.259185e-14    -7.085147e+04
    2. AR                      -3.113570e+03     1.458873e+07     8.200000e+02     2.499745e+00     7.628457e-07    -1.057864e-09     6.857676e-13    -1.717024e-16    -7.453432e+02     2.500139e+00    -1.991451e-07     1.152954e-10    -2.957349e-14     2.771063e-18    -7.454079e+02
    3. O2                      -1.079679e+04     2.268365e+07     7.000000e+02     3.744039e+00    -1.398701e-03     3.267075e-06    -2.581491e-09     7.598625e-13    -1.060698e+03     2.820124e+00     1.241057e-03    -5.040070e-07     1.121391e-10    -9.746113e-15    -9.313501e+02
    4. NC16H34(L)              -3.743007e+08     8.195626e+07     1.800000e+03    -3.640580e+00     9.809587e-02    -4.225292e-05     1.034114e-08    -1.081141e-12    -5.160529e+04     4.982102e+01     3.869408e-02    -9.251930e-06     1.174195e-09    -6.259185e-14    -7.085147e+04

 -------------------------------------------------------------------------------------------------------------------------------------------------------------------------------------------------------------------------------------------------------------------------------------------


 -------------------------------------------------------------------------------------------------------------------------------------------------------------------------------------------------------------------------------------------------------------------------------------------
                             ENTROPY COEFFICIENTS                                                                     

             S/R = A*lnT + B*T + C*T^2 + D*T^3 + E*T^4 + F  [-]                                                         

    Species                 S(298K)[J/kmol/K] S(1000K)[J/kmol/K]     LT-HT            A(LT)            B(LT)            C(LT)            D(LT)            E(LT)           F(LT)             A(HT)            B(HT)            C(HT)           D(HT)             E(HT)            F(HT)      
 -------------------------------------------------------------------------------------------------------------------------------------------------------------------------------------------------------------------------------------------------------------------------------------------

    1. NC16H34                  8.061103e+05     1.534878e+06     1.800000e+03    -3.640580e+00     1.961917e-01    -6.337938e-05     1.378818e-08    -1.351426e-12     6.450250e+01     4.982102e+01     7.738817e-02    -1.387789e-05     1.565594e-09    -7.823981e-14    -2.248429e+02
    2. AR                       1.548354e+05     1.800003e+05     8.200000e+02     2.499745e+00     1.525691e-06    -1.586796e-09     9.143569e-13    -2.146280e-16     4.380798e+00     2.500139e+00    -3.982902e-07     1.729430e-10    -3.943132e-14     3.463829e-18     4.378974e+00
    3. O2                       2.051131e+05     2.435581e+05     7.000000e+02     3.744039e+00    -2.797401e-03     4.900613e-06    -3.441988e-09     9.498281e-13     3.821326e+00     2.820124e+00     2.482114e-03    -7.560105e-07     1.495187e-10    -1.218264e-14     7.949146e+00
    4. NC16H34(L)               8.061103e+05     1.534878e+06     1.800000e+03    -3.640580e+00     1.961917e-01    -6.337938e-05     1.378818e-08    -1.351426e-12     6.450250e+01     4.982102e+01     7.738817e-02    -1.387789e-05     1.565594e-09    -7.823981e-14    -2.248429e+02

 -------------------------------------------------------------------------------------------------------------------------------------------------------------------------------------------------------------------------------------------------------------------------------------------


