------------------------------
  Elements     Atomic Weight  
------------------------------
  1.	C         12.01099968
  2.	H          1.00800002
  3.	O         15.99899960
  4.	AR        39.94800186
------------------------------


--------------------------------------------------------------------------------------------------------------
                                                Molecular        Temperature        Elements
  Species                  Phase  Charge         weight         Low      High       C       H       O      AR
--------------------------------------------------------------------------------------------------------------
    1. NC12H26               G      0          170.339997    300.00   3500.00      12      26       0       0
    2. AR                    G      0           39.948002    200.00   3500.00       0       0       0       1
    3. O2                    G      0           31.997999    200.00   3500.00       0       0       2       0
    4. NC12H26(L)            L      0          170.339997    300.00   3500.00      12      26       0       0
--------------------------------------------------------------------------------------------------------------

--------------------------------------------------------------------------------------------------------------
                                                Molecular        Temperature        Elements
  Species                  Phase  Charge         weight         Low      High       C       H       O      AR
--------------------------------------------------------------------------------------------------------------
    2. AR                    G      0           39.948002    200.00   3500.00       0       0       0       1
    3. O2                    G      0           31.997999    200.00   3500.00       0       0       2       0
    1. NC12H26               G      0          170.339997    300.00   3500.00      12      26       0       0
    4. NC12H26(L)            L      0          170.339997    300.00   3500.00      12      26       0       0
--------------------------------------------------------------------------------------------------------------

---------------------------------------------------------------------------------------
                                LIQUID MECHANISM                                       
---------------------------------------------------------------------------------------

       Number of materials:       1
       Number of liquid species:   1

       Materials: 
       LIQUIDMIX

       ------------------------------------------------------------------------------------------------------------------
       LIQUIDMIX               global-index    liquid-index    local-index     
       ------------------------------------------------------------------------------------------------------------------
       NC12H26(L)              4               1               1               

--------------------------------------------------------------------------------------------------------
                                  CHEMICAL REACTIONS                                                  

                         Units: [kmol, m3, s] and [cal/mol]                                           
--------------------------------------------------------------------------------------------------------


