-----------------------------------------------------------------------------------------------------------------------------------------------------
Name                              MW       Cp@298K        H@298K        G@298K        S@298K      Cp@1000K       H@1000K       G@1000K       S@1000K 
                           [kg/kmol]   [cal/mol/K]    [kcal/mol]    [kcal/mol]   [cal/mol/K]   [cal/mol/K]    [kcal/mol]    [kcal/mol]   [cal/mol/K] 
-----------------------------------------------------------------------------------------------------------------------------------------------------
NC12H26                     170.3400       66.8475      -69.7260     -115.9088      154.9760      152.8523       12.5982     -273.8369      286.4351
AR                           39.9480        4.9675       -0.0007      -11.0276       37.0027        4.9675        3.4864      -39.5303       43.0167
O2                           31.9980        7.0290       -0.0026      -14.6100       49.0182        8.3256        5.4210      -52.7848       58.2058
NC12H26(L)                  170.3400       66.8475      -69.7260     -115.9088      154.9760      152.8523       12.5982     -273.8369      286.4351
-----------------------------------------------------------------------------------------------------------------------------------------------------

 ====================================================================================================
   THERMO TABLE FOR MOLECULE NC12H26
 ====================================================================================================
   Elemental Composition:
     C 12.0000
     H 26.0000
   Formation Enthalpy at 298K =          -69.7260 kcal/mol
   Formation Free Gibbs Energy at 298K = -115.9088 kcal/mol
   Molecular Weight =                    170.3400 kg/kmol
 -----------------------------------------------------------------------------------------------------
   Temperature       Cp             H             G            S             DH            DG         
       [K]       [cal/mol/K]    [kcal/mol]    [kcal/mol]  [cal/(mol-K)]  [kcal/mol]     [kcal/mol]    
 -----------------------------------------------------------------------------------------------------
     300.0000      67.2397       -69.5919      -116.2192     155.4245      0.1341        -0.3104       
     600.0000      114.9782      -41.7404      -172.4593     217.8649      27.9856       -56.5505      
     800.0000      136.8096      -16.4506      -219.7237     254.0914      53.2753       -103.8149     
     1000.0000     152.8523      12.5982       -273.8369     286.4351      82.3242       -157.9281     
     1200.0000     164.6565      44.4084       -334.0726     315.4008      114.1344      -218.1638     
     1400.0000     173.4698      78.2621       -399.8047     341.4762      147.9880      -283.8958     
     1600.0000     180.2369      113.6606      -470.4998     365.1002      183.3865      -354.5910     
     1800.0000     185.5994      150.2639      -545.7067     386.6503      219.9898      -429.7978     
     2000.0000     189.9078      187.8304      -625.0425     406.4365      257.5564      -509.1337     
     2200.0000     193.3508      226.1693      -708.1801     424.7043      295.8953      -592.2713     
     2400.0000     196.0844      265.1235      -794.8361     441.6499      334.8495      -678.9273     
     2600.0000     198.2436      304.5648      -884.7627     457.4337      374.2908      -768.8538     
 -----------------------------------------------------------------------------------------------------


 ====================================================================================================
   THERMO TABLE FOR MOLECULE AR
 ====================================================================================================
   Elemental Composition:
     AR 1.0000
   Formation Enthalpy at 298K =          -0.0007 kcal/mol
   Formation Free Gibbs Energy at 298K = -11.0276 kcal/mol
   Molecular Weight =                    39.9480 kg/kmol
 -----------------------------------------------------------------------------------------------------
   Temperature       Cp             H             G            S             DH            DG         
       [K]       [cal/mol/K]    [kcal/mol]    [kcal/mol]  [cal/(mol-K)]  [kcal/mol]     [kcal/mol]    
 -----------------------------------------------------------------------------------------------------
     300.0000      4.9675        0.0092        -11.1016      37.0360       0.0099        -0.0740       
     600.0000      4.9675        1.4994        -22.7881      40.4792       1.5002        -11.7605      
     800.0000      4.9675        2.4929        -31.0336      41.9082       2.4937        -20.0061      
     1000.0000     4.9675        3.4864        -39.5303      43.0167       3.4872        -28.5027      
     1200.0000     4.9675        4.4799        -48.2269      43.9224       4.4807        -37.1994      
     1400.0000     4.9675        5.4734        -57.0899      44.6881       5.4742        -46.0624      
     1600.0000     4.9675        6.4669        -66.0954      45.3514       6.4677        -55.0678      
     1800.0000     4.9675        7.4604        -75.2253      45.9365       7.4612        -64.1977      
     2000.0000     4.9675        8.4539        -84.4658      46.4599       8.4547        -73.4383      
     2200.0000     4.9675        9.4474        -93.8059      46.9333       9.4482        -82.7784      
     2400.0000     4.9675        10.4409       -103.2364     47.3656       10.4417       -92.2089      
     2600.0000     4.9675        11.4344       -112.7498     47.7632       11.4352       -101.7223     
 -----------------------------------------------------------------------------------------------------


 ====================================================================================================
   THERMO TABLE FOR MOLECULE O2
 ====================================================================================================
   Elemental Composition:
     O 2.0000
   Formation Enthalpy at 298K =          -0.0026 kcal/mol
   Formation Free Gibbs Energy at 298K = -14.6100 kcal/mol
   Molecular Weight =                    31.9980 kg/kmol
 -----------------------------------------------------------------------------------------------------
   Temperature       Cp             H             G            S             DH            DG         
       [K]       [cal/mol/K]    [kcal/mol]    [kcal/mol]  [cal/(mol-K)]  [kcal/mol]     [kcal/mol]    
 -----------------------------------------------------------------------------------------------------
     300.0000      7.0318        0.0115        -14.7081      49.0652       0.0141        -0.0981       
     600.0000      7.6619        2.2104        -30.2617      54.1201       2.2129        -15.6517      
     800.0000      8.0430        3.7827        -41.3206      56.3791       3.7853        -26.7106      
     1000.0000     8.3256        5.4210        -52.7848      58.2058       5.4235        -38.1748      
     1200.0000     8.5350        7.1080        -64.5838      59.7432       7.1106        -49.9738      
     1400.0000     8.6934        8.8316        -76.6682      61.0713       8.8342        -62.0582      
     1600.0000     8.8196        10.5833       -89.0017      62.2406       10.5859       -74.3917      
     1800.0000     8.9284        12.3583       -101.5562     63.2858       12.3608       -86.9462      
     2000.0000     9.0310        14.1542       -114.3095     64.2319       14.1568       -99.6995      
     2200.0000     9.1348        15.9707       -127.2436     65.0974       15.9733       -112.6336     
     2400.0000     9.2436        17.8085       -140.3440     65.8969       17.8111       -125.7340     
     2600.0000     9.3574        19.6685       -153.5987     66.6412       19.6711       -138.9887     
 -----------------------------------------------------------------------------------------------------


 ====================================================================================================
   THERMO TABLE FOR MOLECULE NC12H26(L)
 ====================================================================================================
   Elemental Composition:
     C 12.0000
     H 26.0000
   Formation Enthalpy at 298K =          -69.7260 kcal/mol
   Formation Free Gibbs Energy at 298K = -115.9088 kcal/mol
   Molecular Weight =                    170.3400 kg/kmol
 -----------------------------------------------------------------------------------------------------
   Temperature       Cp             H             G            S             DH            DG         
       [K]       [cal/mol/K]    [kcal/mol]    [kcal/mol]  [cal/(mol-K)]  [kcal/mol]     [kcal/mol]    
 -----------------------------------------------------------------------------------------------------
     300.0000      67.2397       -69.5919      -116.2192     155.4245      0.1341        -0.3104       
     600.0000      114.9782      -41.7404      -172.4593     217.8649      27.9856       -56.5505      
     800.0000      136.8096      -16.4506      -219.7237     254.0914      53.2753       -103.8149     
     1000.0000     152.8523      12.5982       -273.8369     286.4351      82.3242       -157.9281     
     1200.0000     164.6565      44.4084       -334.0726     315.4008      114.1344      -218.1638     
     1400.0000     173.4698      78.2621       -399.8047     341.4762      147.9880      -283.8958     
     1600.0000     180.2369      113.6606      -470.4998     365.1002      183.3865      -354.5910     
     1800.0000     185.5994      150.2639      -545.7067     386.6503      219.9898      -429.7978     
     2000.0000     189.9078      187.8304      -625.0425     406.4365      257.5564      -509.1337     
     2200.0000     193.3508      226.1693      -708.1801     424.7043      295.8953      -592.2713     
     2400.0000     196.0844      265.1235      -794.8362     441.6499      334.8495      -678.9273     
     2600.0000     198.2436      304.5648      -884.7627     457.4337      374.2908      -768.8538     
 -----------------------------------------------------------------------------------------------------


