------------------------------
  Elements     Atomic Weight  
------------------------------
  1.	C         12.01099968
  2.	H          1.00800002
  3.	O         15.99899960
  4.	N         14.00699997
  5.	HE         4.00299978
  6.	AR        39.94800186
------------------------------


------------------------------------------------------------------------------------------------------------------------------
                                                Molecular        Temperature        Elements
  Species                  Phase  Charge         weight         Low      High       C       H       O       N      HE      AR
------------------------------------------------------------------------------------------------------------------------------
    1. AR                    G      0           39.948002    200.00   3500.00       0       0       0       0       0       1
    2. N2                    G      0           28.014000    200.00   3500.00       0       0       0       2       0       0
    3. HE                    G      0            4.003000    200.00   3500.00       0       0       0       0       1       0
    4. H2                    G      0            2.016000    200.00   3500.00       0       2       0       0       0       0
    5. H                     G      0            1.008000    200.00   3500.00       0       1       0       0       0       0
    6. O2                    G      0           31.997999    200.00   3500.00       0       0       2       0       0       0
    7. O                     G      0           15.999000    200.00   3500.00       0       0       1       0       0       0
    8. H2O                   G      0           18.015000    200.00   3500.00       0       2       1       0       0       0
    9. OH                    G      0           17.007000    200.00   3500.00       0       1       1       0       0       0
   10. H2O2                  G      0           34.013999    200.00   3500.00       0       2       2       0       0       0
   11. HO2                   G      0           33.005999    200.00   3500.00       0       1       2       0       0       0
   12. CO                    G      0           28.009999    200.00   3500.00       1       0       1       0       0       0
   13. CO2                   G      0           44.008999    200.00   3500.00       1       0       2       0       0       0
   14. HOCO                  G      0           45.016999    200.00   3500.00       1       1       2       0       0       0
   15. CH2O                  G      0           30.025999    300.00   3500.00       1       2       1       0       0       0
   16. HCO                   G      0           29.017999    200.00   3500.00       1       1       1       0       0       0
   17. HO2CHO                G      0           62.023998    300.00   3500.00       1       2       3       0       0       0
   18. HOCHO                 G      0           46.024999    200.00   3500.00       1       2       2       0       0       0
   19. OCHO                  G      0           45.016999    200.00   3500.00       1       1       2       0       0       0
   20. CHOCHO                G      0           58.035999    300.00   3500.00       2       2       2       0       0       0
   21. HCOOH                 G      0           46.024999    300.00   3500.00       1       2       2       0       0       0
------------------------------------------------------------------------------------------------------------------------------

------------------------------------------------------------------------------------------------------------------------------
                                                Molecular        Temperature        Elements
  Species                  Phase  Charge         weight         Low      High       C       H       O       N      HE      AR
------------------------------------------------------------------------------------------------------------------------------
    6. O2                    G      0           31.997999    200.00   3500.00       0       0       2       0       0       0
    2. N2                    G      0           28.014000    200.00   3500.00       0       0       0       2       0       0
    7. O                     G      0           15.999000    200.00   3500.00       0       0       1       0       0       0
    1. AR                    G      0           39.948002    200.00   3500.00       0       0       0       0       0       1
    3. HE                    G      0            4.003000    200.00   3500.00       0       0       0       0       1       0
   10. H2O2                  G      0           34.013999    200.00   3500.00       0       2       2       0       0       0
    5. H                     G      0            1.008000    200.00   3500.00       0       1       0       0       0       0
    9. OH                    G      0           17.007000    200.00   3500.00       0       1       1       0       0       0
    4. H2                    G      0            2.016000    200.00   3500.00       0       2       0       0       0       0
   11. HO2                   G      0           33.005999    200.00   3500.00       0       1       2       0       0       0
    8. H2O                   G      0           18.015000    200.00   3500.00       0       2       1       0       0       0
   17. HO2CHO                G      0           62.023998    300.00   3500.00       1       2       3       0       0       0
   21. HCOOH                 G      0           46.024999    300.00   3500.00       1       2       2       0       0       0
   18. HOCHO                 G      0           46.024999    200.00   3500.00       1       2       2       0       0       0
   15. CH2O                  G      0           30.025999    300.00   3500.00       1       2       1       0       0       0
   19. OCHO                  G      0           45.016999    200.00   3500.00       1       1       2       0       0       0
   14. HOCO                  G      0           45.016999    200.00   3500.00       1       1       2       0       0       0
   16. HCO                   G      0           29.017999    200.00   3500.00       1       1       1       0       0       0
   12. CO                    G      0           28.009999    200.00   3500.00       1       0       1       0       0       0
   13. CO2                   G      0           44.008999    200.00   3500.00       1       0       2       0       0       0
   20. CHOCHO                G      0           58.035999    300.00   3500.00       2       2       2       0       0       0
------------------------------------------------------------------------------------------------------------------------------

------------------------------------------------------------------------------------------------------------------
  Species                  Shape       eps/kb          sigma             mu           alfa        zRot298         
------------------------------------------------------------------------------------------------------------------
    1. AR                    0       136.5000         3.3300         0.0000         0.0000         0.0000
    2. N2                    1        97.5300         3.6210         0.0000         1.7600         4.0000
    3. HE                    0        10.2000         2.5760         0.0000         0.0000         0.0000
    4. H2                    1        38.0000         2.9200         0.0000         0.7900       280.0000
    5. H                     0       145.0000         2.0500         0.0000         0.0000         0.0000
    6. O2                    1       107.4000         3.4580         0.0000         1.6000         3.8000
    7. O                     0        80.0000         2.7500         0.0000         0.0000         0.0000
    8. H2O                   2       572.4000         2.6050         1.8440         0.0000         4.0000
    9. OH                    1        80.0000         2.7500         0.0000         0.0000         0.0000
   10. H2O2                  2       107.4000         3.4580         0.0000         0.0000         3.8000
   11. HO2                   2       107.4000         3.4580         0.0000         0.0000         1.0000
   12. CO                    1        98.1000         3.6500         0.0000         1.9500         1.8000
   13. CO2                   1       244.0000         3.7630         0.0000         2.6500         2.1000
   14. HOCO                  2       498.0000         3.5900         0.0000         0.0000         2.0000
   15. CH2O                  2       498.0000         3.5900         0.0000         0.0000         2.0000
   16. HCO                   2       498.0000         3.5900         0.0000         0.0000         0.0000
   17. HO2CHO                2       436.0000         3.9700         0.0000         0.0000         2.0000
   18. HOCHO                 2       436.0000         3.9700         0.0000         0.0000         2.0000
   19. OCHO                  2       498.0000         3.5900         0.0000         0.0000         2.0000
   20. CHOCHO                1       440.2000         4.0100         0.0000         0.0000         2.0000
   21. HCOOH                 2       470.6000         3.8550         0.0000         0.0000         1.0000
------------------------------------------------------------------------------------------------------------------


------------------------------------------------------------------------------------------------------------------
  Species                  Shape       eps/kb          sigma             mu           alfa        zRot298         
------------------------------------------------------------------------------------------------------------------
    1. AR                    0       136.5000         3.3300         0.0000         0.0000         0.0000
    2. N2                    1        97.5300         3.6210         0.0000         1.7600         4.0000
    3. HE                    0        10.2000         2.5760         0.0000         0.0000         0.0000
    4. H2                    1        38.0000         2.9200         0.0000         0.7900       280.0000
    5. H                     0       145.0000         2.0500         0.0000         0.0000         0.0000
    6. O2                    1       107.4000         3.4580         0.0000         1.6000         3.8000
    7. O                     0        80.0000         2.7500         0.0000         0.0000         0.0000
    8. H2O                   2       572.4000         2.6050         1.8440         0.0000         4.0000
    9. OH                    1        80.0000         2.7500         0.0000         0.0000         0.0000
   10. H2O2                  2       107.4000         3.4580         0.0000         0.0000         3.8000
   11. HO2                   2       107.4000         3.4580         0.0000         0.0000         1.0000
   12. CO                    1        98.1000         3.6500         0.0000         1.9500         1.8000
   13. CO2                   1       244.0000         3.7630         0.0000         2.6500         2.1000
   14. HOCO                  2       498.0000         3.5900         0.0000         0.0000         2.0000
   15. CH2O                  2       498.0000         3.5900         0.0000         0.0000         2.0000
   16. HCO                   2       498.0000         3.5900         0.0000         0.0000         0.0000
   17. HO2CHO                2       436.0000         3.9700         0.0000         0.0000         2.0000
   18. HOCHO                 2       436.0000         3.9700         0.0000         0.0000         2.0000
   19. OCHO                  2       498.0000         3.5900         0.0000         0.0000         2.0000
   20. CHOCHO                1       440.2000         4.0100         0.0000         0.0000         2.0000
   21. HCOOH                 2       470.6000         3.8550         0.0000         0.0000         1.0000
------------------------------------------------------------------------------------------------------------------


---------------------------------------------------------------------------------------
                                  CHEMICAL REACTIONS                                   

                          Units: [mol, cm3, s] and [cal/mol]                           
---------------------------------------------------------------------------------------


      1. H2 +M  = 2H +M 
         k:       4.577000e+19	   -1.40     104400.00
         Third body efficiencies
         H2                  	enhanced by	   2.500
         H2O                 	enhanced by	  12.000
         CO                  	enhanced by	   1.900
         CO2                 	enhanced by	   3.800
         HE                  	enhanced by	   0.830


      2. H2 + O  = H + OH 
         k:       5.080000e+04	    2.67       6292.00


      3. H2 + OH  = H + H2O 
         k:       4.380000e+13	    0.00       6990.00


      4. 2O +M  = O2 +M 
         k:       6.165000e+15	   -0.50          0.00
         Third body efficiencies
         H2                  	enhanced by	   2.500
         H2O                 	enhanced by	  12.000
         AR                  	enhanced by	   0.830
         CO                  	enhanced by	   1.900
         CO2                 	enhanced by	   3.800
         HE                  	enhanced by	   0.830


      5. H + O2  = O + OH 
         k:       1.140000e+14	    0.00      15286.00


      6. H + OH +M  = H2O +M 
         k:       3.500000e+22	   -2.00          0.00
         Third body efficiencies
         H2                  	enhanced by	   0.730
         H2O                 	enhanced by	   3.650
         AR                  	enhanced by	   0.380


      7. O + H2O  = 2OH 
         k:       6.700000e+07	    1.70      14986.80


      8. H + O +M  = OH +M 
         k:       4.714000e+18	   -1.00          0.00
         Third body efficiencies
         H2                  	enhanced by	   2.500
         H2O                 	enhanced by	  12.000
         AR                  	enhanced by	   0.750
         CO                  	enhanced by	   1.500
         CO2                 	enhanced by	   2.000
         HE                  	enhanced by	   0.750


      9. H2O2 (+M)  = 2OH (+M) 
         Fall-off (Troe)
         k0:      2.490000e+24	   -2.30      48749.00
         kInf:    2.000000e+12	    0.90      48749.00
         Troe Parameters
         a    4.30e-01
         T*** 1.00e-30
         T*   1.00e+30
         T**  0.00e+00
         Third body efficiencies
         H2O                 	enhanced by	   7.650
         CO2                 	enhanced by	   1.600
         N2                  	enhanced by	   1.500
         O2                  	enhanced by	   1.200
         HE                  	enhanced by	   0.650
         H2O2                	enhanced by	   7.700
         H2                  	enhanced by	   3.700
         CO                  	enhanced by	   2.800


     10. H + H2O2  = H2O + OH 
         k:       2.410000e+13	    0.00       3970.00


     11. H + H2O2  = H2 + HO2 
         k:       2.150000e+10	    1.00       6000.00


     12. O + H2O2  = OH + HO2 
         k:       9.550000e+06	    2.00       3970.00


     13. OH + H2O2  = H2O + HO2 
         k:       1.740000e+12	    0.00        318.00


     14. OH + H2O2  = H2O + HO2 
         k:       7.590000e+13	    0.00       7269.00


     15. H + HO2  = 2OH 
         k:       7.079000e+13	    0.00        295.00


     16. H + HO2  = H2 + O2 
         k:       1.140200e+10	    1.08        553.78


     17. O + HO2  = O2 + OH 
         k:       3.250000e+13	    0.00          0.00


     18. OH + HO2  = O2 + H2O 
         k:       7.000000e+12	    0.00      -1092.96


     19. OH + HO2  = O2 + H2O 
         k:       4.500000e+14	    0.00      10929.60


     20. 2HO2  = O2 + H2O2 
         k:       1.000000e+14	    0.00      11040.88


     21. 2HO2  = O2 + H2O2 
         k:       1.900000e+11	    0.00      -1408.92


     22. H + O2 (+M)  = HO2 (+M) 
         Fall-off (Troe)
         k0:      1.740000e+19	   -1.23          0.00
         kInf:    4.650000e+12	    0.44          0.00
         Troe Parameters
         a    6.70e-01
         T*** 1.00e-30
         T*   1.00e+30
         T**  1.00e+30
         Third body efficiencies
         H2                  	enhanced by	   1.300
         CO                  	enhanced by	   1.900
         CO2                 	enhanced by	   3.800
         HE                  	enhanced by	   0.640
         H2O                 	enhanced by	  10.000
         AR                  	enhanced by	   0.500


     23. O + OH +M  = HO2 +M 
         k:       1.000000e+16	    0.00          0.00


     24. O + CO (+M)  = CO2 (+M) 
         Fall-off (Lindemann)
         k0:      1.170000e+24	   -2.79       4191.00
         kInf:    1.362000e+10	    0.00       2384.00
         Third body efficiencies
         H2                  	enhanced by	   2.000
         H2O                 	enhanced by	  12.000
         CO                  	enhanced by	   1.750
         CO2                 	enhanced by	   3.600
         AR                  	enhanced by	   0.700
         HE                  	enhanced by	   0.700


     25. OH + CO  = H + CO2 
         k:       7.015000e+04	    2.05       -355.70


     26. OH + CO  = H + CO2 
         k:       5.757000e+12	   -0.66        331.80


     27. HO2 + CO  = OH + CO2 
         k:       1.570000e+05	    2.18      17940.00


     28. O2 + CO  = O + CO2 
         k:       1.119000e+12	    0.00      47700.00


     29. H + CO2  = OCHO 
         k:       7.500000e+13	    0.00      29000.00


     30. HOCO  = OH + CO 
         k:       6.300000e+32	   -5.96      32470.00
         Pressure Logarithmic Interpolation
         1	1.000000e-03	1.550000e-08	    2.93       8768.00
         2	3.000000e-03	1.770000e+03	    0.34      18076.00
         3	2.960000e-02	2.020000e+13	   -1.87      22755.00
         4	9.870000e-02	1.680000e+18	   -3.05      24323.00
         5	2.961000e-01	2.500000e+24	   -4.63      27067.00
         6	9.869000e-01	4.540000e+26	   -5.12      27572.00
         7	2.960700e+00	7.120000e+28	   -5.60      28535.00
         8	9.869000e+00	5.480000e+29	   -5.70      28899.00
         9	2.960700e+01	9.890000e+31	   -6.19      30518.00
         10	9.869000e+01	5.740000e+33	   -6.53      32068.00
         11	2.960700e+02	2.610000e+33	   -6.29      32231.00
         12	9.869000e+02	6.300000e+32	   -5.96      32470.00


     31. HOCO  = H + CO2 
         k:       1.897000e+38	   -8.05      34240.00
         Pressure Logarithmic Interpolation
         1	1.000000e-03	4.758000e+18	   -3.82      17676.00
         2	3.000000e-03	2.225000e+20	   -4.15      19037.00
         3	9.900000e-03	7.564000e+21	   -4.43      20325.00
         4	2.960000e-02	9.107000e+24	   -5.19      22419.00
         5	9.870000e-02	3.144000e+29	   -6.38      25233.00
         6	2.961000e-01	1.150000e+32	   -7.04      26662.00
         7	9.869000e-01	1.069000e+36	   -8.11      29064.00
         8	2.960700e+00	2.438000e+36	   -8.15      29336.00
         9	9.869000e+00	6.663000e+35	   -7.92      29217.00
         10	2.960700e+01	1.723000e+38	   -8.51      31273.00
         11	9.869000e+01	3.007000e+41	   -9.29      33966.00
         12	2.960700e+02	6.767000e+36	   -7.83      31613.00
         13	9.869000e+02	1.897000e+38	   -8.05      34240.00


     32. H + HCO (+M)  = CH2O (+M) 
         Fall-off (Troe)
         k0:      1.350000e+24	   -2.57       1425.00
         kInf:    1.090000e+12	    0.48       -260.00
         Troe Parameters
         a    7.82e-01
         T*** 2.71e+02
         T*   2.76e+03
         T**  6.57e+03
         Third body efficiencies
         H2                  	enhanced by	   2.000
         H2O                 	enhanced by	   6.000
         AR                  	enhanced by	   0.700
         CO                  	enhanced by	   1.500
         CO2                 	enhanced by	   2.000
         HE                  	enhanced by	   0.700


     33. H2 + CO (+M)  = CH2O (+M) 
         Fall-off (Troe)
         k0:      5.070000e+27	   -3.42      84348.00
         kInf:    4.300000e+07	    1.50      79600.00
         Troe Parameters
         a    9.32e-01
         T*** 1.97e+02
         T*   1.54e+03
         T**  1.03e+04
         Third body efficiencies
         H2                  	enhanced by	   2.000
         H2O                 	enhanced by	   6.000
         AR                  	enhanced by	   0.700
         CO                  	enhanced by	   1.500
         CO2                 	enhanced by	   2.000
         HE                  	enhanced by	   0.700


     34. O2 + CH2O  = HO2 + HCO 
         k:       8.070000e+15	    0.00      53420.00


     35. O + CH2O  = OH + HCO 
         k:       6.260000e+09	    1.15       2260.00


     36. H + CH2O  = H2 + HCO 
         k:       5.740000e+07	    1.90       2740.00


     37. OH + CH2O  = H2O + HCO 
         k:       7.820000e+07	    1.63      -1055.00


     38. HO2 + CH2O  = H2O2 + HCO 
         k:       1.880000e+04	    2.70      11520.00


     39. CH2O + OCHO  = HCO + HOCHO 
         k:       5.600000e+12	    0.00      13600.00


     40. HCO +M  = H + CO +M 
         k:       5.700000e+11	    0.66      14870.00
         Third body efficiencies
         H2                  	enhanced by	   2.000
         H2O                 	enhanced by	   6.000
         CO                  	enhanced by	   1.500
         CO2                 	enhanced by	   2.000


     41. O2 + HCO  = HO2 + CO 
         k:       7.580000e+12	    0.00        410.00


     42. O + HCO  = OH + CO 
         k:       3.020000e+13	    0.00          0.00


     43. H + HCO  = H2 + CO 
         k:       7.340000e+13	    0.00          0.00


     44. OH + HCO  = H2O + CO 
         k:       3.011000e+13	    0.00          0.00


     45. 2HCO  = CO + CH2O 
         k:       1.800000e+13	    0.00          0.00


     46. O + HCO  = H + CO2 
         k:       3.000000e+13	    0.00          0.00


     47. HO2 + HCO  => H + OH + CO2 
         k:       3.000000e+13	    0.00          0.00


     48. 2HCO  => H2 + 2CO 
         k:       3.000000e+12	    0.00          0.00


     49. HOCHO  = H2O + CO 
         k:       2.450000e+12	    0.00      60470.00


     50. HOCHO  = H2 + CO2 
         k:       2.950000e+09	    0.00      48520.00


     51. HO2 + OCHO  = O2 + HOCHO 
         k:       3.500000e+10	    0.00      -3275.00


     52. H2O2 + OCHO  = HO2 + HOCHO 
         k:       2.400000e+12	    0.00      10000.00


     53. H + HOCHO  => H2 + H + CO2 
         k:       4.240000e+06	    2.10       4868.00


     54. H + HOCHO  => H2 + OH + CO 
         k:       6.030000e+13	   -0.35       2988.00


     55. O + HOCHO  => 2OH + CO 
         k:       1.770000e+18	   -1.90       2975.00


     56. OH + HOCHO  => H + H2O + CO2 
         k:       2.620000e+06	    2.06        916.00


     57. OH + HOCHO  => H2O + OH + CO 
         k:       1.850000e+07	    1.51       -962.00


     58. HO2 + HOCHO  => OH + H2O2 + CO 
         k:       1.000000e+12	    0.00      11920.00


     59. OH + OCHO  = HO2CHO 
         k:       2.000000e+13	    0.00          0.00


     60. CHOCHO  = 2HCO 
         k:       3.000000e+16	    0.00      71000.00


     61. HCOOH  = H2O + CO 
         k:       9.000000e+13	    0.00      65300.00


     62. HCOOH  = H2 + CO2 
         k:       7.000000e+12	    0.00      64700.00


