-----------------------------------------------------------------------------------------------------------------------------------------------------
Name                              MW       Cp@298K        H@298K        G@298K        S@298K      Cp@1000K       H@1000K       G@1000K       S@1000K 
                           [kg/kmol]   [cal/mol/K]    [kcal/mol]    [kcal/mol]   [cal/mol/K]   [cal/mol/K]    [kcal/mol]    [kcal/mol]   [cal/mol/K] 
-----------------------------------------------------------------------------------------------------------------------------------------------------
AR                           39.9480        4.9675       -0.0007      -11.0276       37.0027        4.9675        3.4864      -39.5303       43.0167
N2                           28.0140        6.9435        0.0002      -13.6452       45.7902        7.7989        5.1298      -49.3995       54.5293
HE                            4.0030        4.9675       -0.0007       -8.9842       30.1457        4.9675        3.4864      -32.6732       36.1596
H2                            2.0160        6.8632       -0.0018       -9.3082       31.2297        7.2209        4.9449      -34.7841       39.7290
H                             1.0080        4.9675       52.0966       43.9276       27.4127        4.9675       55.5838       22.1571       33.4267
O2                           31.9980        7.0290       -0.0026      -14.6100       49.0182        8.3256        5.4210      -52.7848       58.2058
O                            15.9990        5.2373       59.5607       48.0911       38.4885        4.9998       63.1131       18.4731       44.6401
H2O                          18.0150        8.0386      -57.7945      -71.2407       45.1214        9.8733      -51.5789     -107.1992       55.6203
OH                           17.0070        7.1478        8.9631       -4.1226       43.9120        7.3424       13.9643      -38.5514       52.5157
H2O2                         34.0140       10.2070      -32.3871      -49.0799       56.0161       15.0459      -23.2979      -94.4001       71.1022
HO2                          33.0060        8.4180        2.9307      -13.3861       54.7546       11.5299       10.0369      -56.5898       66.6267
CO                           28.0100        6.9505      -26.4132      -40.4893       47.2352        7.9125      -21.2300      -77.2819       56.0518
CO2                          44.0090        8.8628      -94.0341     -109.2584       51.0881       12.9580      -86.0504     -150.4073       64.3569
HOCO                         45.0170       10.4642      -43.3428      -61.2640       60.1381       16.3690      -33.4877     -109.9002       76.4125
CH2O                         30.0260        8.4300      -26.0926      -41.6683       52.2674       14.7613      -17.7829      -83.5844       65.8016
HCO                          29.0180        8.2654        9.9861       -5.9848       53.5936       11.6208       17.0332      -48.2942       65.3274
HO2CHO                       62.0240       15.1706      -67.4028      -89.4109       73.8526       25.5761      -52.2875     -150.9310       98.6435
HOCHO                        46.0250       10.0242      -90.5200     -108.0949       58.9763       18.0527      -80.2215     -155.9773       75.7559
OCHO                         45.0170       10.0750      -30.9968      -49.1489       60.9132       15.9578      -21.6514      -97.9500       76.2987
CHOCHO                       58.0360       14.2230      -50.7099      -70.1036       65.0794       25.9082      -35.5976     -125.3084       89.7108
HCOOH                        46.0250        9.7366      -86.1429     -103.7374       59.0419       18.0702      -75.8480     -151.6266       75.7786
-----------------------------------------------------------------------------------------------------------------------------------------------------

 ====================================================================================================
   THERMO TABLE FOR MOLECULE AR
 ====================================================================================================
   Elemental Composition:
     AR 1.0000
   Formation Enthalpy at 298K =          -0.0007 kcal/mol
   Formation Free Gibbs Energy at 298K = -11.0276 kcal/mol
   Molecular Weight =                    39.9480 kg/kmol
 -----------------------------------------------------------------------------------------------------
   Temperature       Cp             H             G            S             DH            DG         
       [K]       [cal/mol/K]    [kcal/mol]    [kcal/mol]  [cal/(mol-K)]  [kcal/mol]     [kcal/mol]    
 -----------------------------------------------------------------------------------------------------
     300.0000      4.9675        0.0092        -11.1016      37.0360       0.0099        -0.0740       
     600.0000      4.9675        1.4994        -22.7881      40.4792       1.5002        -11.7605      
     800.0000      4.9675        2.4929        -31.0336      41.9082       2.4937        -20.0061      
     1000.0000     4.9675        3.4864        -39.5303      43.0167       3.4872        -28.5027      
     1200.0000     4.9675        4.4799        -48.2269      43.9224       4.4807        -37.1994      
     1400.0000     4.9675        5.4734        -57.0899      44.6881       5.4742        -46.0624      
     1600.0000     4.9675        6.4669        -66.0954      45.3514       6.4677        -55.0678      
     1800.0000     4.9675        7.4604        -75.2253      45.9365       7.4612        -64.1977      
     2000.0000     4.9675        8.4539        -84.4658      46.4599       8.4547        -73.4383      
     2200.0000     4.9675        9.4474        -93.8059      46.9333       9.4482        -82.7784      
     2400.0000     4.9675        10.4409       -103.2364     47.3656       10.4417       -92.2089      
     2600.0000     4.9675        11.4344       -112.7498     47.7632       11.4352       -101.7223     
 -----------------------------------------------------------------------------------------------------


 ====================================================================================================
   THERMO TABLE FOR MOLECULE N2
 ====================================================================================================
   Elemental Composition:
     N 2.0000
   Formation Enthalpy at 298K =          0.0002 kcal/mol
   Formation Free Gibbs Energy at 298K = -13.6452 kcal/mol
   Molecular Weight =                    28.0140 kg/kmol
 -----------------------------------------------------------------------------------------------------
   Temperature       Cp             H             G            S             DH            DG         
       [K]       [cal/mol/K]    [kcal/mol]    [kcal/mol]  [cal/(mol-K)]  [kcal/mol]     [kcal/mol]    
 -----------------------------------------------------------------------------------------------------
     300.0000      6.9435        0.0141        -13.7368      45.8366       0.0139        -0.0916       
     600.0000      7.2081        2.1267        -28.2976      50.7071       2.1264        -14.6524      
     800.0000      7.5104        3.5982        -38.6591      52.8217       3.5979        -25.0139      
     1000.0000     7.7989        5.1298        -49.3995      54.5293       5.1296        -35.7543      
     1200.0000     8.0386        6.7144        -60.4534      55.9732       6.7141        -46.8082      
     1400.0000     8.2321        8.3422        -71.7762      57.2274       8.3419        -58.1310      
     1600.0000     8.3869        10.0046       -83.3348      58.3371       10.0044       -69.6896      
     1800.0000     8.5099        11.6948       -95.1034      59.3324       11.6945       -81.4582      
     2000.0000     8.6070        13.4069       -107.0615     60.2342       13.4066       -93.4163      
     2200.0000     8.6835        15.1362       -119.1919     61.0582       15.1360       -105.5467     
     2400.0000     8.7438        16.8792       -131.4804     61.8165       16.8789       -117.8352     
     2600.0000     8.7915        18.6329       -143.9148     62.5183       18.6326       -130.2696     
 -----------------------------------------------------------------------------------------------------


 ====================================================================================================
   THERMO TABLE FOR MOLECULE HE
 ====================================================================================================
   Elemental Composition:
     HE 1.0000
   Formation Enthalpy at 298K =          -0.0007 kcal/mol
   Formation Free Gibbs Energy at 298K = -8.9842 kcal/mol
   Molecular Weight =                    4.0030 kg/kmol
 -----------------------------------------------------------------------------------------------------
   Temperature       Cp             H             G            S             DH            DG         
       [K]       [cal/mol/K]    [kcal/mol]    [kcal/mol]  [cal/(mol-K)]  [kcal/mol]     [kcal/mol]    
 -----------------------------------------------------------------------------------------------------
     300.0000      4.9675        0.0092        -9.0445       30.1789       0.0099        -0.0603       
     600.0000      4.9675        1.4994        -18.6738      33.6221       1.5002        -9.6897       
     800.0000      4.9675        2.4929        -25.5480      35.0512       2.4937        -16.5638      
     1000.0000     4.9675        3.4864        -32.6732      36.1596       3.4872        -23.6890      
     1200.0000     4.9675        4.4799        -39.9984      37.0653       4.4807        -31.0143      
     1400.0000     4.9675        5.4734        -47.4900      37.8310       5.4742        -38.5059      
     1600.0000     4.9675        6.4669        -55.1240      38.4944       6.4677        -46.1399      
     1800.0000     4.9675        7.4604        -62.8826      39.0795       7.4612        -53.8984      
     2000.0000     4.9675        8.4539        -70.7517      39.6028       8.4547        -61.7676      
     2200.0000     4.9675        9.4474        -78.7204      40.0763       9.4482        -69.7362      
     2400.0000     4.9675        10.4409       -86.7795      40.5085       10.4417       -77.7953      
     2600.0000     4.9675        11.4345       -94.9215      40.9061       11.4352       -85.9373      
 -----------------------------------------------------------------------------------------------------


 ====================================================================================================
   THERMO TABLE FOR MOLECULE H2
 ====================================================================================================
   Elemental Composition:
     H 2.0000
   Formation Enthalpy at 298K =          -0.0018 kcal/mol
   Formation Free Gibbs Energy at 298K = -9.3082 kcal/mol
   Molecular Weight =                    2.0160 kg/kmol
 -----------------------------------------------------------------------------------------------------
   Temperature       Cp             H             G            S             DH            DG         
       [K]       [cal/mol/K]    [kcal/mol]    [kcal/mol]  [cal/(mol-K)]  [kcal/mol]     [kcal/mol]    
 -----------------------------------------------------------------------------------------------------
     300.0000      6.8665        0.0119        -9.3708       31.2756       0.0137        -0.0625       
     600.0000      7.0204        2.1055        -19.5588      36.1071       2.1072        -10.2506      
     800.0000      7.0876        3.5150        -26.9923      38.1342       3.5168        -17.6841      
     1000.0000     7.2209        4.9449        -34.7841      39.7290       4.9467        -25.4758      
     1200.0000     7.3975        6.4062        -42.8666      41.0607       6.4080        -33.5583      
     1400.0000     7.5973        7.9055        -51.1967      42.2158       7.9073        -41.8884      
     1600.0000     7.8041        9.4456        -59.7445      43.2438       9.4474        -50.4362      
     1800.0000     8.0051        11.0267       -68.4877      44.1747       11.0285       -59.1795      
     2000.0000     8.1911        12.6467       -77.4092      45.0279       12.6485       -68.1009      
     2200.0000     8.3567        14.3018       -86.4946      45.8166       14.3036       -77.1864      
     2400.0000     8.5000        15.9878       -95.7321      46.5500       15.9896       -86.4239      
     2600.0000     8.6227        17.7004       -105.1114     47.2353       17.7022       -95.8031      
 -----------------------------------------------------------------------------------------------------


 ====================================================================================================
   THERMO TABLE FOR MOLECULE H
 ====================================================================================================
   Elemental Composition:
     H 1.0000
   Formation Enthalpy at 298K =          52.0966 kcal/mol
   Formation Free Gibbs Energy at 298K = 43.9276 kcal/mol
   Molecular Weight =                    1.0080 kg/kmol
 -----------------------------------------------------------------------------------------------------
   Temperature       Cp             H             G            S             DH            DG         
       [K]       [cal/mol/K]    [kcal/mol]    [kcal/mol]  [cal/(mol-K)]  [kcal/mol]     [kcal/mol]    
 -----------------------------------------------------------------------------------------------------
     300.0000      4.9675        52.1065       43.8728       27.4459       0.0099        -0.0549       
     600.0000      4.9676        53.5968       35.0633       30.8891       1.5002        -8.8643       
     800.0000      4.9675        54.5903       28.7357       32.3182       2.4937        -15.1919      
     1000.0000     4.9675        55.5838       22.1571       33.4267       3.4872        -21.7705      
     1200.0000     4.9675        56.5773       15.3785       34.3324       4.4807        -28.5491      
     1400.0000     4.9675        57.5708       8.4335        35.0981       5.4742        -35.4942      
     1600.0000     4.9675        58.5643       1.3460        35.7614       6.4677        -42.5816      
     1800.0000     4.9675        59.5578       -5.8659       36.3465       7.4612        -49.7935      
     2000.0000     4.9675        60.5513       -13.1885      36.8699       8.4547        -57.1161      
     2200.0000     4.9675        61.5448       -20.6105      37.3433       9.4482        -64.5382      
     2400.0000     4.9675        62.5383       -28.1230      37.7756       10.4417       -72.0507      
     2600.0000     4.9675        63.5318       -35.7185      38.1732       11.4352       -79.6461      
 -----------------------------------------------------------------------------------------------------


 ====================================================================================================
   THERMO TABLE FOR MOLECULE O2
 ====================================================================================================
   Elemental Composition:
     O 2.0000
   Formation Enthalpy at 298K =          -0.0026 kcal/mol
   Formation Free Gibbs Energy at 298K = -14.6100 kcal/mol
   Molecular Weight =                    31.9980 kg/kmol
 -----------------------------------------------------------------------------------------------------
   Temperature       Cp             H             G            S             DH            DG         
       [K]       [cal/mol/K]    [kcal/mol]    [kcal/mol]  [cal/(mol-K)]  [kcal/mol]     [kcal/mol]    
 -----------------------------------------------------------------------------------------------------
     300.0000      7.0318        0.0115        -14.7081      49.0652       0.0141        -0.0981       
     600.0000      7.6619        2.2104        -30.2617      54.1201       2.2129        -15.6517      
     800.0000      8.0430        3.7827        -41.3206      56.3791       3.7853        -26.7106      
     1000.0000     8.3256        5.4210        -52.7848      58.2058       5.4235        -38.1748      
     1200.0000     8.5350        7.1080        -64.5838      59.7432       7.1106        -49.9738      
     1400.0000     8.6934        8.8316        -76.6682      61.0713       8.8342        -62.0582      
     1600.0000     8.8196        10.5833       -89.0017      62.2406       10.5859       -74.3917      
     1800.0000     8.9284        12.3583       -101.5562     63.2858       12.3608       -86.9462      
     2000.0000     9.0310        14.1542       -114.3095     64.2319       14.1568       -99.6995      
     2200.0000     9.1348        15.9707       -127.2436     65.0974       15.9733       -112.6336     
     2400.0000     9.2436        17.8085       -140.3440     65.8969       17.8111       -125.7340     
     2600.0000     9.3574        19.6685       -153.5987     66.6412       19.6711       -138.9887     
 -----------------------------------------------------------------------------------------------------


 ====================================================================================================
   THERMO TABLE FOR MOLECULE O
 ====================================================================================================
   Elemental Composition:
     O 1.0000
   Formation Enthalpy at 298K =          59.5607 kcal/mol
   Formation Free Gibbs Energy at 298K = 48.0911 kcal/mol
   Molecular Weight =                    15.9990 kg/kmol
 -----------------------------------------------------------------------------------------------------
   Temperature       Cp             H             G            S             DH            DG         
       [K]       [cal/mol/K]    [kcal/mol]    [kcal/mol]  [cal/(mol-K)]  [kcal/mol]     [kcal/mol]    
 -----------------------------------------------------------------------------------------------------
     300.0000      5.2345        59.5711       48.0141       38.5235       0.0105        -0.0770       
     600.0000      5.0489        61.1048       35.8603       42.0742       1.5441        -12.2308      
     800.0000      5.0193        62.1114       27.2935       43.5223       2.5507        -20.7976      
     1000.0000     4.9998        63.1131       18.4731       44.6401       3.5525        -29.6180      
     1200.0000     4.9874        64.1118       9.4512        45.5505       4.5511        -38.6399      
     1400.0000     4.9802        65.1084       0.2623        46.3187       5.5478        -47.8288      
     1600.0000     4.9768        66.1041       -9.0694       46.9834       6.5434        -57.1605      
     1800.0000     4.9760        67.0994       -18.5258      47.5696       7.5387        -66.6169      
     2000.0000     4.9770        68.0946       -28.0931      48.0939       8.5340        -76.1842      
     2200.0000     4.9792        69.0902       -37.7601      48.5683       9.5296        -85.8512      
     2400.0000     4.9825        70.0864       -47.5177      49.0017       10.5257       -95.6088      
     2600.0000     4.9871        71.0833       -57.3585      49.4007       11.5226       -105.4496     
 -----------------------------------------------------------------------------------------------------


 ====================================================================================================
   THERMO TABLE FOR MOLECULE H2O
 ====================================================================================================
   Elemental Composition:
     H 2.0000
     O 1.0000
   Formation Enthalpy at 298K =          -57.7945 kcal/mol
   Formation Free Gibbs Energy at 298K = -71.2407 kcal/mol
   Molecular Weight =                    18.0150 kg/kmol
 -----------------------------------------------------------------------------------------------------
   Temperature       Cp             H             G            S             DH            DG         
       [K]       [cal/mol/K]    [kcal/mol]    [kcal/mol]  [cal/(mol-K)]  [kcal/mol]     [kcal/mol]    
 -----------------------------------------------------------------------------------------------------
     300.0000      8.0411        -57.7784      -71.3309      45.1752       0.0161        -0.0903       
     600.0000      8.6688        -55.2828      -85.8327      50.9164       2.5116        -14.5920      
     800.0000      9.2545        -53.4917      -96.2827      53.4888       4.3028        -25.0420      
     1000.0000     9.8733        -51.5789      -107.1992     55.6203       6.2156        -35.9586      
     1200.0000     10.4675       -49.5440      -118.5124     57.4737       8.2504        -47.2718      
     1400.0000     11.0046       -47.3957      -130.1755     59.1284       10.3987       -58.9348      
     1600.0000     11.4770       -45.1465      -142.1536     60.6294       12.6479       -70.9129      
     1800.0000     11.8910       -42.8088      -154.4190     62.0056       14.9856       -83.1783      
     2000.0000     12.2536       -40.3936      -166.9489     63.2776       17.4009       -95.7082      
     2200.0000     12.5713       -37.9104      -179.7241     64.4608       19.8841       -108.4834     
     2400.0000     12.8497       -35.3677      -192.7281     65.5668       22.4268       -121.4874     
     2600.0000     13.0935       -32.7728      -205.9463     66.6052       25.0217       -134.7057     
 -----------------------------------------------------------------------------------------------------


 ====================================================================================================
   THERMO TABLE FOR MOLECULE OH
 ====================================================================================================
   Elemental Composition:
     H 1.0000
     O 1.0000
   Formation Enthalpy at 298K =          8.9631 kcal/mol
   Formation Free Gibbs Energy at 298K = -4.1226 kcal/mol
   Molecular Weight =                    17.0070 kg/kmol
 -----------------------------------------------------------------------------------------------------
   Temperature       Cp             H             G            S             DH            DG         
       [K]       [cal/mol/K]    [kcal/mol]    [kcal/mol]  [cal/(mol-K)]  [kcal/mol]     [kcal/mol]    
 -----------------------------------------------------------------------------------------------------
     300.0000      7.1456        8.9774        -4.2105       43.9598       0.0143        -0.0879       
     600.0000      7.0473        11.0963       -18.2194      48.8595       2.1332        -14.0968      
     800.0000      7.1576        12.5151       -28.2046      50.8996       3.5520        -24.0819      
     1000.0000     7.3424        13.9643       -38.5514      52.5157       5.0011        -34.4288      
     1200.0000     7.5587        15.4542       -49.1938      53.8733       6.4910        -45.0712      
     1400.0000     7.7754        16.9877       -60.0891      55.0549       8.0246        -55.9664      
     1600.0000     7.9737        18.5631       -71.2071      56.1064       9.5999        -67.0845      
     1800.0000     8.1469        20.1755       -82.5248      57.0558       11.2124       -78.4022      
     2000.0000     8.2977        21.8203       -94.0239      57.9221       12.8572       -89.9012      
     2200.0000     8.4306        23.4934       -105.6891     58.7193       14.5303       -101.5664     
     2400.0000     8.5494        25.1916       -117.5077     59.4580       16.2285       -113.3851     
     2600.0000     8.6571        26.9124       -129.4690     60.1467       17.9493       -125.3463     
 -----------------------------------------------------------------------------------------------------


 ====================================================================================================
   THERMO TABLE FOR MOLECULE H2O2
 ====================================================================================================
   Elemental Composition:
     H 2.0000
     O 2.0000
   Formation Enthalpy at 298K =          -32.3871 kcal/mol
   Formation Free Gibbs Energy at 298K = -49.0799 kcal/mol
   Molecular Weight =                    34.0140 kg/kmol
 -----------------------------------------------------------------------------------------------------
   Temperature       Cp             H             G            S             DH            DG         
       [K]       [cal/mol/K]    [kcal/mol]    [kcal/mol]  [cal/(mol-K)]  [kcal/mol]     [kcal/mol]    
 -----------------------------------------------------------------------------------------------------
     300.0000      10.2271       -32.3667      -49.1920      56.0844       0.0204        -0.1121       
     600.0000      12.7694       -28.8953      -67.2973      64.0035       3.4918        -18.2175      
     800.0000      14.0361       -26.2099      -80.4958      67.8574       6.1772        -31.4159      
     1000.0000     15.0459       -23.2979      -94.4001      71.1022       9.0892        -45.3202      
     1200.0000     15.8593       -20.2046      -108.9084     73.9198       12.1825       -59.8285      
     1400.0000     16.5257       -16.9640      -123.9467     76.4162       15.4231       -74.8668      
     1600.0000     17.0833       -13.6015      -139.4581     78.6604       18.7856       -90.3782      
     1800.0000     17.5588       -10.1361      -155.3973     80.7006       22.2510       -106.3174     
     2000.0000     17.9683       -6.5824       -171.7271     82.5724       25.8047       -122.6472     
     2200.0000     18.3218       -2.9525       -188.4167     84.3019       29.4346       -139.3368     
     2400.0000     18.6277       0.7432        -205.4398     85.9096       33.1303       -156.3599     
     2600.0000     18.8937       4.4959        -222.7735     87.4113       36.8830       -173.6936     
 -----------------------------------------------------------------------------------------------------


 ====================================================================================================
   THERMO TABLE FOR MOLECULE HO2
 ====================================================================================================
   Elemental Composition:
     H 1.0000
     O 2.0000
   Formation Enthalpy at 298K =          2.9307 kcal/mol
   Formation Free Gibbs Energy at 298K = -13.3861 kcal/mol
   Molecular Weight =                    33.0060 kg/kmol
 -----------------------------------------------------------------------------------------------------
   Temperature       Cp             H             G            S             DH            DG         
       [K]       [cal/mol/K]    [kcal/mol]    [kcal/mol]  [cal/(mol-K)]  [kcal/mol]     [kcal/mol]    
 -----------------------------------------------------------------------------------------------------
     300.0000      8.4285        2.9476        -13.4957      54.8109       0.0168        -0.1096       
     600.0000      9.9805        5.7133        -30.9700      61.1389       2.7826        -17.5839      
     800.0000      10.8359       7.7979        -43.5073      64.1315       4.8672        -30.1211      
     1000.0000     11.5299       10.0369       -56.5898      66.6267       7.1062        -43.2037      
     1200.0000     12.0975       12.4015       -70.1353      68.7807       9.4707        -56.7492      
     1400.0000     12.5694       14.8695       -84.0853      70.6820       11.9388       -70.6992      
     1600.0000     12.9710       17.4246       -98.3951      72.3873       14.4938       -85.0090      
     1800.0000     13.3229       20.0546       -113.0298     73.9358       17.1239       -99.6436      
     2000.0000     13.6402       22.7514       -127.9609     75.3562       19.8207       -114.5748     
     2200.0000     13.9334       25.5091       -143.1651     76.6701       22.5784       -129.7790     
     2400.0000     14.2076       28.3235       -158.6230     77.8944       25.3928       -145.2368     
     2600.0000     14.4631       31.1909       -174.3178     79.0418       28.2602       -160.9317     
 -----------------------------------------------------------------------------------------------------


 ====================================================================================================
   THERMO TABLE FOR MOLECULE CO
 ====================================================================================================
   Elemental Composition:
     C 1.0000
     O 1.0000
   Formation Enthalpy at 298K =          -26.4132 kcal/mol
   Formation Free Gibbs Energy at 298K = -40.4893 kcal/mol
   Molecular Weight =                    28.0100 kg/kmol
 -----------------------------------------------------------------------------------------------------
   Temperature       Cp             H             G            S             DH            DG         
       [K]       [cal/mol/K]    [kcal/mol]    [kcal/mol]  [cal/(mol-K)]  [kcal/mol]     [kcal/mol]    
 -----------------------------------------------------------------------------------------------------
     300.0000      6.9509        -26.3993      -40.5838      47.2817       0.0139        -0.0945       
     600.0000      7.2847        -24.2745      -55.5811      52.1776       2.1387        -15.0918      
     800.0000      7.6182        -22.7841      -66.2394      54.3191       3.6291        -25.7501      
     1000.0000     7.9125        -21.2300      -77.2819      56.0518       5.1831        -36.7926      
     1200.0000     8.1467        -19.6232      -88.6424      57.5160       6.7900        -48.1531      
     1400.0000     8.3305        -17.9747      -100.2754     58.7862       8.4385        -59.7861      
     1600.0000     8.4738        -16.2937      -112.1470     59.9083       10.1195       -71.6577      
     1800.0000     8.5853        -14.5873      -124.2309     60.9131       11.8259       -83.7416      
     2000.0000     8.6722        -12.8612      -136.5059     61.8223       13.5520       -96.0166      
     2200.0000     8.7407        -11.1197      -148.9545     62.6522       15.2935       -108.4653     
     2400.0000     8.7955        -9.3658       -161.5623     63.4152       17.0474       -121.0730     
     2600.0000     8.8402        -7.6021       -174.3168     64.1210       18.8111       -133.8275     
 -----------------------------------------------------------------------------------------------------


 ====================================================================================================
   THERMO TABLE FOR MOLECULE CO2
 ====================================================================================================
   Elemental Composition:
     C 1.0000
     O 2.0000
   Formation Enthalpy at 298K =          -94.0341 kcal/mol
   Formation Free Gibbs Energy at 298K = -109.2584 kcal/mol
   Molecular Weight =                    44.0090 kg/kmol
 -----------------------------------------------------------------------------------------------------
   Temperature       Cp             H             G            S             DH            DG         
       [K]       [cal/mol/K]    [kcal/mol]    [kcal/mol]  [cal/(mol-K)]  [kcal/mol]     [kcal/mol]    
 -----------------------------------------------------------------------------------------------------
     300.0000      8.8843        -94.0164      -109.3606     51.1475       0.0177        -0.1022       
     600.0000      11.3237       -90.9494      -125.8310     58.1361       3.0848        -16.5726      
     800.0000      12.3004       -88.5804      -137.8099     61.5369       5.4538        -28.5515      
     1000.0000     12.9580       -86.0504      -150.4073     64.3569       7.9837        -41.1489      
     1200.0000     13.4210       -83.4101      -163.5252     66.7626       10.6241       -54.2668      
     1400.0000     13.7721       -80.6893      -177.0918     68.8589       13.3448       -67.8334      
     1600.0000     14.0530       -77.9058      -191.0529     70.7169       16.1283       -81.7945      
     1800.0000     14.2770       -75.0719      -205.3660     72.3856       18.9622       -96.1076      
     2000.0000     14.4530       -72.1982      -219.9968     73.8993       21.8359       -110.7384     
     2200.0000     14.5891       -69.2934      -234.9171     75.2835       24.7407       -125.6587     
     2400.0000     14.6931       -66.3647      -250.1029     76.5576       27.6694       -140.8445     
     2600.0000     14.7718       -63.4179      -265.5338     77.7369       30.6163       -156.2754     
 -----------------------------------------------------------------------------------------------------


 ====================================================================================================
   THERMO TABLE FOR MOLECULE HOCO
 ====================================================================================================
   Elemental Composition:
     H 1.0000
     C 1.0000
     O 2.0000
   Formation Enthalpy at 298K =          -43.3428 kcal/mol
   Formation Free Gibbs Energy at 298K = -61.2640 kcal/mol
   Molecular Weight =                    45.0170 kg/kmol
 -----------------------------------------------------------------------------------------------------
   Temperature       Cp             H             G            S             DH            DG         
       [K]       [cal/mol/K]    [kcal/mol]    [kcal/mol]  [cal/(mol-K)]  [kcal/mol]     [kcal/mol]    
 -----------------------------------------------------------------------------------------------------
     300.0000      10.4939       -43.3219      -61.3843      60.2082       0.0210        -0.1203       
     600.0000      13.9426       -39.6097      -80.7979      68.6469       3.7331        -19.5339      
     800.0000      15.3794       -36.6685      -94.9627      72.8677       6.6743        -33.6987      
     1000.0000     16.3690       -33.4877      -109.9002     76.4125       9.8551        -48.6362      
     1200.0000     17.0694       -30.1401      -125.4948     79.4622       13.2027       -64.2308      
     1400.0000     17.5944       -26.6715      -141.6600     82.1346       16.6713       -80.3960      
     1600.0000     18.0131       -23.1093      -158.3290     84.5123       20.2335       -97.0651      
     1800.0000     18.3537       -19.4714      -175.4492     86.6543       23.8714       -114.1853     
     2000.0000     18.6264       -15.7724      -192.9779     88.6028       27.5705       -131.7139     
     2200.0000     18.8400       -12.0248      -210.8795     90.3885       31.3180       -149.6155     
     2400.0000     19.0036       -8.2397       -229.1240     92.0351       35.1031       -167.8600     
     2600.0000     19.1257       -4.4262       -247.6855     93.5613       38.9167       -186.4215     
 -----------------------------------------------------------------------------------------------------


 ====================================================================================================
   THERMO TABLE FOR MOLECULE CH2O
 ====================================================================================================
   Elemental Composition:
     C 1.0000
     H 2.0000
     O 1.0000
   Formation Enthalpy at 298K =          -26.0926 kcal/mol
   Formation Free Gibbs Energy at 298K = -41.6683 kcal/mol
   Molecular Weight =                    30.0260 kg/kmol
 -----------------------------------------------------------------------------------------------------
   Temperature       Cp             H             G            S             DH            DG         
       [K]       [cal/mol/K]    [kcal/mol]    [kcal/mol]  [cal/(mol-K)]  [kcal/mol]     [kcal/mol]    
 -----------------------------------------------------------------------------------------------------
     300.0000      8.4464        -26.0757      -41.7728      52.3238       0.0169        -0.1046       
     600.0000      11.5200       -23.0935      -58.5476      59.0902       2.9991        -16.8793      
     800.0000      13.3448       -20.5996      -70.7314      62.6647       5.4929        -29.0632      
     1000.0000     14.7613       -17.7829      -83.5844      65.8016       8.3097        -41.9162      
     1200.0000     15.8458       -14.7172      -97.0291      68.5932       11.3753       -55.3609      
     1400.0000     16.6675       -11.4621      -111.0028     71.1005       14.6305       -69.3346      
     1600.0000     17.2868       -8.0637       -125.4534     73.3686       18.0289       -83.7851      
     1800.0000     17.7548       -4.5574       -140.3367     75.4329       21.5352       -98.6684      
     2000.0000     18.1137       -0.9690       -155.6150     77.3230       25.1235       -113.9467     
     2200.0000     18.3961       2.6830        -171.2559     79.0631       28.7756       -129.5876     
     2400.0000     18.6261       6.3859        -187.2316     80.6740       32.4785       -145.5633     
     2600.0000     18.8181       10.1309       -203.5180     82.1727       36.2235       -161.8498     
 -----------------------------------------------------------------------------------------------------


 ====================================================================================================
   THERMO TABLE FOR MOLECULE HCO
 ====================================================================================================
   Elemental Composition:
     C 1.0000
     H 1.0000
     O 1.0000
   Formation Enthalpy at 298K =          9.9861 kcal/mol
   Formation Free Gibbs Energy at 298K = -5.9848 kcal/mol
   Molecular Weight =                    29.0180 kg/kmol
 -----------------------------------------------------------------------------------------------------
   Temperature       Cp             H             G            S             DH            DG         
       [K]       [cal/mol/K]    [kcal/mol]    [kcal/mol]  [cal/(mol-K)]  [kcal/mol]     [kcal/mol]    
 -----------------------------------------------------------------------------------------------------
     300.0000      8.2740        10.0027       -6.0920       53.6490       0.0165        -0.1072       
     600.0000      9.8489        12.7139       -23.1961      59.8499       2.7278        -17.2113      
     800.0000      10.8308       14.7851       -35.4728      62.8224       4.7990        -29.4880      
     1000.0000     11.6208       17.0332       -48.2942      65.3274       7.0471        -42.3094      
     1200.0000     12.2556       19.4231       -61.5820      67.5043       9.4370        -55.5972      
     1400.0000     12.7727       21.9276       -75.2794      69.4336       11.9415       -69.2947      
     1600.0000     13.2041       24.5265       -89.3425      71.1681       14.5404       -83.3577      
     1800.0000     13.5759       27.2053       -103.7362     72.7453       17.2192       -97.7514      
     2000.0000     13.9088       29.9543       -118.4320     74.1931       19.9682       -112.4472     
     2200.0000     14.2177       32.7673       -133.4063     75.5334       22.7811       -127.4215     
     2400.0000     14.5118       35.6404       -148.6394     76.7832       25.6543       -142.6546     
     2600.0000     14.7947       38.5713       -164.1145     77.9560       28.5851       -158.1297     
 -----------------------------------------------------------------------------------------------------


 ====================================================================================================
   THERMO TABLE FOR MOLECULE HO2CHO
 ====================================================================================================
   Elemental Composition:
     C 1.0000
     H 2.0000
     O 3.0000
   Formation Enthalpy at 298K =          -67.4028 kcal/mol
   Formation Free Gibbs Energy at 298K = -89.4109 kcal/mol
   Molecular Weight =                    62.0240 kg/kmol
 -----------------------------------------------------------------------------------------------------
   Temperature       Cp             H             G            S             DH            DG         
       [K]       [cal/mol/K]    [kcal/mol]    [kcal/mol]  [cal/(mol-K)]  [kcal/mol]     [kcal/mol]    
 -----------------------------------------------------------------------------------------------------
     300.0000      15.2239       -67.3724      -89.5587      73.9542       0.0304        -0.1478       
     600.0000      21.3905       -61.7959      -113.7509     86.5916       5.6069        -24.3400      
     800.0000      23.9143       -57.2484      -131.7407     93.1154       10.1544       -42.3298      
     1000.0000     25.5761       -52.2875      -150.9310     98.6435       15.1153       -61.5201      
     1200.0000     26.6556       -47.0566      -171.1474     103.4090      20.3462       -81.7365      
     1400.0000     27.3697       -41.6495      -192.2547     107.5752      25.7533       -102.8438     
     1600.0000     27.8729       -36.1227      -214.1457     111.2644      31.2801       -124.7349     
     1800.0000     28.2573       -30.5081      -236.7349     114.5705      36.8947       -147.3241     
     2000.0000     28.5587       -24.8252      -259.9531     117.5639      42.5775       -170.5423     
     2200.0000     28.7911       -19.0892      -283.7432     120.2973      48.3136       -194.3323     
     2400.0000     28.9666       -13.3126      -308.0574     122.8103      54.0902       -218.6465     
     2600.0000     29.0964       -7.5056       -332.8547     125.1343      59.8972       -243.4439     
 -----------------------------------------------------------------------------------------------------


 ====================================================================================================
   THERMO TABLE FOR MOLECULE HOCHO
 ====================================================================================================
   Elemental Composition:
     H 2.0000
     C 1.0000
     O 2.0000
   Formation Enthalpy at 298K =          -90.5200 kcal/mol
   Formation Free Gibbs Energy at 298K = -108.0949 kcal/mol
   Molecular Weight =                    46.0250 kg/kmol
 -----------------------------------------------------------------------------------------------------
   Temperature       Cp             H             G            S             DH            DG         
       [K]       [cal/mol/K]    [kcal/mol]    [kcal/mol]  [cal/(mol-K)]  [kcal/mol]     [kcal/mol]    
 -----------------------------------------------------------------------------------------------------
     300.0000      10.0594       -90.4999      -108.2130     59.0435       0.0201        -0.1180       
     600.0000      14.4237       -86.7845      -127.2565     67.4534       3.7355        -19.1616      
     800.0000      16.4920       -83.6833      -141.2032     71.8999       6.8367        -33.1083      
     1000.0000     18.0527       -80.2215      -155.9773     75.7559       10.2985       -47.8824      
     1200.0000     19.2251       -76.4881      -171.4753     79.1560       14.0319       -63.3803      
     1400.0000     20.1086       -72.5506      -187.6153     82.1890       17.9694       -79.5204      
     1600.0000     20.7825       -68.4586      -204.3308     84.9201       22.0614       -96.2358      
     1800.0000     21.3059       -64.2476      -221.5666     87.3994       26.2724       -113.4716     
     2000.0000     21.7187       -59.9436      -239.2764     89.6664       30.5764       -131.1815     
     2200.0000     22.0478       -55.5657      -257.4211     91.7524       34.9543       -149.3262     
     2400.0000     22.3135       -51.1287      -275.9670     93.6826       39.3913       -167.8721     
     2600.0000     22.5303       -46.6436      -294.8852     95.4775       43.8764       -186.7902     
 -----------------------------------------------------------------------------------------------------


 ====================================================================================================
   THERMO TABLE FOR MOLECULE OCHO
 ====================================================================================================
   Elemental Composition:
     C 1.0000
     O 2.0000
     H 1.0000
   Formation Enthalpy at 298K =          -30.9968 kcal/mol
   Formation Free Gibbs Energy at 298K = -49.1489 kcal/mol
   Molecular Weight =                    45.0170 kg/kmol
 -----------------------------------------------------------------------------------------------------
   Temperature       Cp             H             G            S             DH            DG         
       [K]       [cal/mol/K]    [kcal/mol]    [kcal/mol]  [cal/(mol-K)]  [kcal/mol]     [kcal/mol]    
 -----------------------------------------------------------------------------------------------------
     300.0000      10.0939       -30.9766      -49.2708      60.9806       0.0202        -0.1219       
     600.0000      13.0510       -27.5015      -68.8361      68.8910       3.4953        -19.6872      
     800.0000      14.6859       -24.7212      -83.0243      72.8789       6.2756        -33.8754      
     1000.0000     15.9578       -21.6514      -97.9500      76.2987       9.3454        -48.8011      
     1200.0000     16.9351       -18.3577      -113.5159     79.2985       12.6391       -64.3670      
     1400.0000     17.6790       -14.8929      -129.6474     81.9675       16.1039       -80.4985      
     1600.0000     18.2429       -11.2981      -146.2850     84.3668       19.6987       -97.1361      
     1800.0000     18.6717       -7.6047       -163.3792     86.5414       23.3921       -114.2303     
     2000.0000     19.0022       -3.8359       -180.8889     88.5265       27.1608       -131.7400     
     2200.0000     19.2629       -0.0084       -198.7791     90.3503       30.9883       -149.6302     
     2400.0000     19.4741       3.8660        -217.0198     92.0357       34.8627       -167.8709     
     2600.0000     19.6478       7.7787        -235.5854     93.6016       38.7755       -186.4365     
 -----------------------------------------------------------------------------------------------------


 ====================================================================================================
   THERMO TABLE FOR MOLECULE CHOCHO
 ====================================================================================================
   Elemental Composition:
     C 2.0000
     H 2.0000
     O 2.0000
   Formation Enthalpy at 298K =          -50.7099 kcal/mol
   Formation Free Gibbs Energy at 298K = -70.1036 kcal/mol
   Molecular Weight =                    58.0360 kg/kmol
 -----------------------------------------------------------------------------------------------------
   Temperature       Cp             H             G            S             DH            DG         
       [K]       [cal/mol/K]    [kcal/mol]    [kcal/mol]  [cal/(mol-K)]  [kcal/mol]     [kcal/mol]    
 -----------------------------------------------------------------------------------------------------
     300.0000      14.2871       -50.6814      -70.2339      65.1747       0.0285        -0.1303       
     600.0000      21.4591       -45.2073      -91.7284      77.5351       5.5026        -21.6248      
     800.0000      24.1935       -40.6211      -107.9116     84.1131       10.0888       -37.8080      
     1000.0000     25.9082       -35.5976      -125.3084     89.7108       15.1123       -55.2048      
     1200.0000     27.0021       -30.2990      -143.7446     94.5380       20.4110       -73.6410      
     1400.0000     27.7584       -24.8191      -163.0833     98.7602       25.8909       -92.9797      
     1600.0000     28.3443       -19.2067      -183.2170     102.5064      31.5032       -113.1134     
     1800.0000     28.8193       -13.4887      -204.0607     105.8734      37.2213       -133.9571     
     2000.0000     29.1970       -7.6855       -225.5458     108.9301      43.0244       -155.4422     
     2200.0000     29.4888       -1.8156       -247.6155     111.7272      48.8944       -177.5119     
     2400.0000     29.7065       4.1051        -270.2219     114.3029      54.8150       -200.1183     
     2600.0000     29.8623       10.0629       -293.3239     116.6872      60.7728       -223.2203     
 -----------------------------------------------------------------------------------------------------


 ====================================================================================================
   THERMO TABLE FOR MOLECULE HCOOH
 ====================================================================================================
   Elemental Composition:
     C 1.0000
     H 2.0000
     O 2.0000
   Formation Enthalpy at 298K =          -86.1429 kcal/mol
   Formation Free Gibbs Energy at 298K = -103.7374 kcal/mol
   Molecular Weight =                    46.0250 kg/kmol
 -----------------------------------------------------------------------------------------------------
   Temperature       Cp             H             G            S             DH            DG         
       [K]       [cal/mol/K]    [kcal/mol]    [kcal/mol]  [cal/(mol-K)]  [kcal/mol]     [kcal/mol]    
 -----------------------------------------------------------------------------------------------------
     300.0000      9.7758        -86.1234      -103.8556     59.1072       0.0195        -0.1181       
     600.0000      14.4674       -82.4318      -122.9011     67.4489       3.7112        -19.1637      
     800.0000      16.5545       -79.3184      -136.8487     71.9129       6.8246        -33.1112      
     1000.0000     18.0702       -75.8480      -151.6266     75.7786       10.2950       -47.8891      
     1200.0000     19.1897       -72.1166      -167.1290     79.1770       14.0263       -63.3916      
     1400.0000     20.0453       -68.1896      -183.2725     82.2021       17.9534       -79.5351      
     1600.0000     20.7262       -64.1100      -199.9897     84.9248       22.0329       -96.2523      
     1800.0000     21.2793       -59.9076      -217.2259     87.3991       26.2354       -113.4885     
     2000.0000     21.7240       -55.6056      -234.9355     89.6650       30.5374       -131.1981     
     2200.0000     22.0753       -51.2242      -253.0800     91.7527       34.9188       -149.3426     
     2400.0000     22.3478       -46.7807      -271.6263     93.6857       39.3623       -167.8888     
     2600.0000     22.5552       -42.2894      -290.5453     95.4830       43.8535       -186.8078     
 -----------------------------------------------------------------------------------------------------


