 ----------------------------------------------------------------------------------------------------------------------------------------------------------------------------------------------------------------------------------------------------------
                     SPECIFIC HEAT COEFFICIENTS                                                                     

             Cp = A + B*T + C*T^2 + D*T^3 + E*T^4  [J/kg/K]                                                         

    Species                      Cp(298K)         Cp(1000K)          LT-HT            A(LT)            B(LT)            C(LT)            D(LT)            E(LT)             A(HT)           B(HT)            C(HT)            D(HT)           E(HT)      
 ----------------------------------------------------------------------------------------------------------------------------------------------------------------------------------------------------------------------------------------------------------

    1. AR                       5.203269e+02     5.203266e+02     8.200000e+02     5.202772e+02     3.175454e-04    -6.605265e-07     5.709211e-10    -1.786839e-13     5.203593e+02    -8.289698e-05     7.199000e-08    -2.462077e-11     2.883737e-15
    2. N2                       1.037140e+03     1.164911e+03     1.050000e+03     1.107350e+03    -5.436120e-01     1.283125e-03    -9.033842e-07     2.214316e-10     8.344916e+02     4.958504e-01    -2.018210e-04     3.943875e-08    -3.050104e-12
    3. HE                       5.192608e+03     5.192621e+03     8.500000e+02     5.191915e+03     4.323428e-03    -8.654735e-06     7.217068e-09    -2.180759e-12     5.193073e+03    -1.126962e-03     9.636018e-07    -3.267257e-10     3.800422e-14
    4. H2                       1.424523e+04     1.498777e+04     7.000000e+02     1.089642e+04     2.266389e+01    -5.244530e-02     5.309921e-05    -1.938506e-08     1.559786e+04    -4.201495e+00     5.123384e-03    -1.728104e-06     1.961255e-10
    5. H                        2.062109e+04     2.062113e+04     8.600000e+02     2.061711e+04     2.467647e-02    -4.889364e-05     4.023690e-08    -1.200477e-11     2.062378e+04    -6.379426e-03     5.273624e-06    -1.753228e-09     2.016580e-13
    6. O2                       9.191957e+02     1.088754e+03     7.000000e+02     9.728631e+02    -7.268857e-01     2.546782e-03    -2.683131e-06     9.872255e-10     7.327900e+02     6.449603e-01    -3.928883e-04     1.165543e-07    -1.266231e-11
    7. O                        1.369783e+03     1.307662e+03     7.200000e+02     1.635969e+03    -1.617129e+00     3.212378e-03    -2.930038e-06     1.012692e-09     1.364432e+03    -1.085935e-01     6.959564e-05    -2.005344e-08     2.281001e-12
    8. H2O                      1.867172e+03     2.293320e+03     1.420000e+03     1.874094e+03    -3.995960e-01     1.497247e-03    -8.318758e-07     1.534510e-10     1.231256e+03     1.411215e+00    -4.155812e-04     6.616565e-08    -4.654890e-12
    9. OH                       1.758653e+03     1.806537e+03     1.700000e+03     1.913273e+03    -8.128976e-01     1.128933e-03    -5.004200e-07     7.764938e-11     1.221563e+03     8.146544e-01    -3.071426e-04     6.274679e-08    -5.169266e-12
   10. H2O2                     1.255679e+03     1.850958e+03     1.800000e+03     8.183300e+02     1.723332e+00    -9.399346e-04     2.853147e-07    -3.608412e-11     1.165671e+03     9.514622e-01    -2.967099e-04     4.708333e-08    -2.996423e-12
   11. HO2                      1.067212e+03     1.461731e+03     7.000000e+02     9.118912e+02     2.665326e-01     1.276363e-03    -1.596592e-06     6.086019e-10     7.617482e+02     1.124493e+00    -5.621230e-04     1.543465e-07    -1.673337e-11
   12. CO                       1.038339e+03     1.182050e+03     9.600000e+02     1.115295e+03    -6.366166e-01     1.609102e-03    -1.237896e-06     3.321663e-10     8.289391e+02     5.565343e-01    -2.551961e-04     5.675565e-08    -4.982601e-12
   13. CO2                      8.426825e+02     1.232062e+03     1.450000e+03     4.377129e+02     1.743328e+00    -1.465415e-03     6.201044e-07    -1.036682e-10     8.896100e+02     4.967153e-01    -1.758161e-04     2.718517e-08    -1.440718e-12
   14. HOCO                     9.726681e+02     1.521534e+03     1.570000e+03     4.371045e+02     2.264707e+00    -1.765811e-03     6.930127e-07    -1.074797e-10     1.087510e+03     6.076233e-01    -1.826097e-04     2.074049e-08    -4.300070e-13
   15. CH2O                     1.174811e+03     2.057145e+03     7.000000e+02     1.197966e+03    -1.941551e+00     8.727526e-03    -9.317388e-06     3.418550e-09     3.692181e+02     2.794153e+00    -1.420411e-03     3.473134e-07    -3.312912e-11
   16. HCO                      1.191874e+03     1.675740e+03     7.700000e+02     1.156094e+03    -6.184325e-01     3.387729e-03    -3.394191e-06     1.147813e-09     7.451135e+02     1.516529e+00    -7.712875e-04     2.066890e-07    -2.130395e-11
   17. HO2CHO                   1.023483e+03     1.725486e+03     1.750000e+03     3.316915e+02     2.907576e+00    -2.191919e-03     7.878870e-07    -1.097488e-10     1.343618e+03     5.946019e-01    -2.093701e-04     3.263021e-08    -1.855011e-12
   18. HOCHO                    9.113664e+02     1.641285e+03     1.800000e+03     3.345770e+02     2.302345e+00    -1.344905e-03     3.966759e-07    -4.740758e-11     6.855230e+02     1.522465e+00    -6.950046e-04     1.559722e-07    -1.397651e-11
   19. OCHO                     9.364896e+02     1.483317e+03     7.000000e+02     7.864527e+02    -1.056586e-01     2.944586e-03    -3.399691e-06     1.268061e-09     4.772065e+02     1.661463e+00    -8.421028e-04     2.066797e-07    -1.992869e-11
   20. CHOCHO                   1.025486e+03     1.867995e+03     1.570000e+03     1.014804e+02     3.995021e+00    -3.393964e-03     1.383166e-06    -2.177090e-10     1.429430e+03     6.117098e-01    -1.615006e-04     1.057014e-08     8.572346e-13
   21. HCOOH                    8.852163e+02     1.642877e+03     1.640000e+03     2.162235e+02     2.761204e+00    -1.931700e-03     6.991054e-07    -1.019560e-10     9.422425e+02     9.904257e-01    -3.120856e-04     4.072569e-08    -1.593251e-12

 ----------------------------------------------------------------------------------------------------------------------------------------------------------------------------------------------------------------------------------------------------------


 -------------------------------------------------------------------------------------------------------------------------------------------------------------------------------------------------------------------------------------------------------------------------------------------
                           ENTHALPY COEFFICIENTS                                                                     

             H/(RT) = A + B*T + C*T^2 + D*T^3 + E*T^4 + F/T  [-]                                                         

    Species                   H(298K)[J/kmol]  H(1000K)[J/kmol]      LT-HT            A(LT)            B(LT)            C(LT)            D(LT)            E(LT)           F(LT)             A(HT)            B(HT)            C(HT)           D(HT)             E(HT)            F(HT)      
 -------------------------------------------------------------------------------------------------------------------------------------------------------------------------------------------------------------------------------------------------------------------------------------------

    1. AR                      -3.113570e+03     1.458873e+07     8.200000e+02     2.499745e+00     7.628457e-07    -1.057864e-09     6.857676e-13    -1.717024e-16    -7.453432e+02     2.500139e+00    -1.991451e-07     1.152954e-10    -2.957349e-14     2.771063e-18    -7.454079e+02
    2. N2                       1.040434e+03     2.146532e+07     1.050000e+03     3.731007e+00    -9.157987e-04     1.441082e-06    -7.609454e-10     1.492143e-13    -1.062874e+03     2.811661e+00     8.353368e-04    -2.266658e-07     3.322034e-11    -2.055349e-15    -8.698116e+02
    3. HE                      -3.115645e+03     1.458878e+07     8.500000e+02     2.499649e+00     1.040758e-06    -1.388941e-09     8.686648e-13    -2.099854e-16    -7.453320e+02     2.500206e+00    -2.712881e-07     1.546421e-10    -3.932554e-14     3.659428e-18    -7.454268e+02
    4. H2                      -7.522648e+03     2.069177e+07     7.000000e+02     2.642044e+00     2.747646e-03    -4.238788e-06     3.218729e-09    -9.400555e-13    -9.432366e+02     3.781999e+00    -5.093663e-04     4.140874e-07    -1.047530e-10     9.510876e-15    -1.102830e+03
    5. H                        2.179946e+08     2.325866e+08     8.600000e+02     2.499505e+00     1.495820e-06    -1.975866e-09     1.219525e-12    -2.910786e-16     2.547379e+04     2.500315e+00    -3.867034e-07     2.131151e-10    -5.313795e-14     4.889584e-18     2.547365e+04
    6. O2                      -1.079679e+04     2.268365e+07     7.000000e+02     3.744039e+00    -1.398701e-03     3.267075e-06    -2.581491e-09     7.598625e-13    -1.060698e+03     2.820124e+00     1.241057e-03    -5.040070e-07     1.121391e-10    -9.746113e-15    -9.313501e+02
    7. O                        2.492274e+08     2.640925e+08     7.200000e+02     3.147992e+00    -1.555870e-03     2.060460e-06    -1.409522e-09     3.897320e-13     2.913091e+04     2.625491e+00    -1.044798e-04     4.463952e-08    -9.646897e-12     8.778374e-16     2.920615e+04
    8. H2O                     -2.418369e+08    -2.158282e+08     1.420000e+03     4.060612e+00    -4.329036e-04     1.081365e-06    -4.506077e-10     6.649666e-14    -3.028313e+04     2.667771e+00     1.528844e-03    -3.001475e-07     3.584039e-11    -2.017156e-15    -2.988756e+04
    9. OH                       3.750557e+07     5.843252e+07     1.700000e+03     3.913546e+00    -8.313796e-04     7.697334e-07    -2.558988e-10     3.176593e-14     3.400050e+03     2.498674e+00     8.331764e-04    -2.094172e-07     3.208670e-11    -2.114718e-15     3.881107e+03
   10. H2O2                    -1.355216e+08    -9.748849e+07     1.800000e+03     3.347742e+00     3.525027e-03    -1.281740e-06     2.918017e-10    -2.952362e-14    -1.757848e+04     4.768696e+00     1.946189e-03    -4.046078e-07     4.815382e-11    -2.451640e-15    -1.809002e+04
   11. HO2                      1.226347e+07     4.199872e+07     7.000000e+02     3.619943e+00     5.290285e-04     1.688930e-06    -1.584502e-09     4.831946e-13     3.158982e+02     3.023919e+00     2.231955e-03    -7.438216e-07     1.531777e-10    -1.328532e-14     3.993416e+02
   12. CO                      -1.105242e+08    -8.883565e+07     9.600000e+02     3.757239e+00    -1.072326e-03     1.806930e-06    -1.042565e-09     2.238023e-13    -1.435755e+04     2.792554e+00     9.374344e-04    -2.865706e-07     4.780002e-11    -3.357106e-15    -1.417233e+04
   13. CO2                     -3.934792e+08    -3.600718e+08     1.450000e+03     2.316843e+00     4.613775e-03    -2.585514e-06     8.205634e-10    -1.097445e-13    -4.836261e+04     4.708765e+00     1.314574e-03    -3.102022e-07     3.597323e-11    -1.525163e-15    -4.905626e+04
   14. HOCO                    -1.813650e+08    -1.401269e+08     1.570000e+03     2.366615e+00     6.130903e-03    -3.186877e-06     9.380448e-10    -1.163855e-13    -2.298569e+04     5.888105e+00     1.644928e-03    -3.295680e-07     2.807382e-11    -4.656374e-16    -2.409144e+04
   15. CH2O                    -1.091825e+08    -7.441118e+07     7.000000e+02     4.326213e+00    -3.505759e-03     1.050590e-05    -8.411966e-09     2.469080e-12    -1.432702e+04     1.333357e+00     5.045259e-03    -1.709842e-06     3.135630e-10    -2.392782e-14    -1.390802e+04
   16. HCO                      4.178628e+07     7.127428e+07     7.700000e+02     4.034840e+00    -1.079184e-03     3.941129e-06    -2.961485e-09     8.011879e-13     3.836364e+03     2.600493e+00     2.646391e-03    -8.972807e-07     1.803394e-10    -1.487043e-14     4.057253e+03
   17. HO2CHO                  -2.820422e+08    -2.187933e+08     1.750000e+03     2.474343e+00     1.084493e-02    -5.450407e-06     1.469365e-09    -1.637403e-13    -3.548928e+04     1.002308e+01     2.217797e-03    -5.206178e-07     6.085349e-11    -2.767591e-15    -3.813134e+04
   18. HOCHO                   -3.787746e+08    -3.356811e+08     1.800000e+03     1.852063e+00     6.372355e-03    -2.481589e-06     5.489534e-10    -5.248526e-14    -4.661246e+04     3.794737e+00     4.213829e-03    -1.282408e-06     2.158475e-10    -1.547349e-14    -4.731182e+04
   19. OCHO                    -1.297038e+08    -9.059863e+07     7.000000e+02     4.258092e+00    -2.860338e-04     5.314291e-06    -4.601737e-09     1.373132e-12    -1.695087e+04     2.583740e+00     4.497830e-03    -1.519799e-06     2.797565e-10    -2.157998e-14    -1.671646e+04
   20. CHOCHO                  -2.121922e+08    -1.489559e+08     1.570000e+03     7.083458e-01     1.394288e-02    -7.896765e-06     2.413668e-09    -3.039272e-13    -2.677947e+04     9.977603e+00     2.134906e-03    -3.757648e-07     1.844523e-11     1.196721e-15    -2.969002e+04
   21. HCOOH                   -3.604591e+08    -3.173805e+08     1.640000e+03     1.196913e+00     7.642370e-03    -3.564331e-06     9.674806e-10    -1.128762e-13    -4.430166e+04     5.215816e+00     2.741268e-03    -5.758537e-07     5.635962e-11    -1.763900e-15    -4.561986e+04

 -------------------------------------------------------------------------------------------------------------------------------------------------------------------------------------------------------------------------------------------------------------------------------------------


 -------------------------------------------------------------------------------------------------------------------------------------------------------------------------------------------------------------------------------------------------------------------------------------------
                             ENTROPY COEFFICIENTS                                                                     

             S/R = A*lnT + B*T + C*T^2 + D*T^3 + E*T^4 + F  [-]                                                         

    Species                 S(298K)[J/kmol/K] S(1000K)[J/kmol/K]     LT-HT            A(LT)            B(LT)            C(LT)            D(LT)            E(LT)           F(LT)             A(HT)            B(HT)            C(HT)           D(HT)             E(HT)            F(HT)      
 -------------------------------------------------------------------------------------------------------------------------------------------------------------------------------------------------------------------------------------------------------------------------------------------

    1. AR                       1.548354e+05     1.800003e+05     8.200000e+02     2.499745e+00     1.525691e-06    -1.586796e-09     9.143569e-13    -2.146280e-16     4.380798e+00     2.500139e+00    -3.982902e-07     1.729430e-10    -3.943132e-14     3.463829e-18     4.378974e+00
    2. N2                       1.916057e+05     2.281742e+05     1.050000e+03     3.731007e+00    -1.831597e-03     2.161623e-06    -1.014594e-09     1.865179e-13     2.168212e+00     2.811661e+00     1.670674e-03    -3.399987e-07     4.429379e-11    -2.569186e-15     6.648381e+00
    3. HE                       1.261424e+05     1.513074e+05     8.500000e+02     2.499649e+00     2.081516e-06    -2.083412e-09     1.158220e-12    -2.624817e-16     9.302486e-01     2.500206e+00    -5.425763e-07     2.319632e-10    -5.243406e-14     4.574285e-18     9.276490e-01
    4. H2                       1.306785e+05     1.662433e+05     7.000000e+02     2.642044e+00     5.495293e-03    -6.358182e-06     4.291639e-09    -1.175069e-12    -5.122311e-01     3.781999e+00    -1.018733e-03     6.211312e-07    -1.396706e-10     1.188859e-14    -5.605259e+00
    5. H                        1.147064e+05     1.398716e+05     8.600000e+02     2.499505e+00     2.991640e-06    -2.963799e-09     1.626034e-12    -3.638483e-16    -4.445740e-01     2.500315e+00    -7.734068e-07     3.196727e-10    -7.085060e-14     6.111980e-18    -4.483572e-01
    6. O2                       2.051131e+05     2.435581e+05     7.000000e+02     3.744039e+00    -2.797401e-03     4.900613e-06    -3.441988e-09     9.498281e-13     3.821326e+00     2.820124e+00     2.482114e-03    -7.560105e-07     1.495187e-10    -1.218264e-14     7.949146e+00
    7. O                        1.610523e+05     1.867933e+05     7.200000e+02     3.147992e+00    -3.111741e-03     3.090689e-06    -1.879363e-09     4.871650e-13     2.134465e+00     2.625491e+00    -2.089596e-04     6.695927e-08    -1.286253e-11     1.097297e-15     4.483585e+00
    8. H2O                      1.888075e+05     2.327394e+05     1.420000e+03     4.060612e+00    -8.658072e-04     1.622048e-06    -6.008103e-10     8.312082e-14    -2.961505e-01     2.667771e+00     3.057688e-03    -4.502212e-07     4.778718e-11    -2.521445e-15     6.911911e+00
    9. OH                       1.837465e+05     2.197483e+05     1.700000e+03     3.913546e+00    -1.662759e-03     1.154600e-06    -3.411984e-10     3.970741e-14     2.054747e-01     2.498674e+00     1.666353e-03    -3.141258e-07     4.278227e-11    -2.643397e-15     7.782189e+00
   10. H2O2                     2.343953e+05     2.975221e+05     1.800000e+03     3.347742e+00     7.050054e-03    -1.922610e-06     3.890689e-10    -3.690453e-14     7.178689e+00     4.768696e+00     3.892378e-03    -6.069117e-07     6.420509e-11    -3.064550e-15    -5.118118e-01
   11. HO2                      2.291166e+05     2.787947e+05     7.000000e+02     3.619943e+00     1.058057e-03     2.533395e-06    -2.112669e-09     6.039932e-13     6.444115e+00     3.023919e+00     4.463909e-03    -1.115732e-06     2.042369e-10    -1.660666e-14     9.107000e+00
   12. CO                       1.976524e+05     2.345449e+05     9.600000e+02     3.757239e+00    -2.144652e-03     2.710395e-06    -1.390087e-09     2.797528e-13     2.799768e+00     2.792554e+00     1.874869e-03    -4.298560e-07     6.373336e-11    -4.196382e-15     7.414436e+00
   13. CO2                      2.137746e+05     2.692971e+05     1.450000e+03     2.316843e+00     9.227550e-03    -3.878270e-06     1.094085e-09    -1.371806e-13     1.007862e+01     4.708765e+00     2.629147e-03    -4.653032e-07     4.796431e-11    -1.906454e-15    -2.349765e+00
   14. HOCO                     2.516435e+05     3.197427e+05     1.570000e+03     2.366615e+00     1.226181e-02    -4.780315e-06     1.250726e-09    -1.454819e-13     1.352148e+01     5.888105e+00     3.289855e-03    -4.943519e-07     3.743176e-11    -5.820468e-16    -5.056137e+00
   15. CH2O                     2.187092e+05     2.753421e+05     7.000000e+02     4.326213e+00    -7.011519e-03     1.575885e-05    -1.121595e-08     3.086351e-12     2.620289e+00     1.333357e+00     1.009052e-02    -2.564763e-06     4.180840e-10    -2.990978e-14     1.599161e+01
   16. HCO                      2.242588e+05     2.733578e+05     7.700000e+02     4.034840e+00    -2.158369e-03     5.911694e-06    -3.948647e-09     1.001485e-12     4.200088e+00     2.600493e+00     5.292783e-03    -1.345921e-06     2.404526e-10    -1.858804e-14     1.074509e+01
   17. HO2CHO                   3.090310e+05     4.127667e+05     1.750000e+03     2.474343e+00     2.168986e-02    -8.175610e-06     1.959153e-09    -2.046754e-13     1.728354e+01     1.002308e+01     4.435595e-03    -7.809267e-07     8.113799e-11    -3.459489e-15    -2.335916e+01
   18. HOCHO                    2.467822e+05     3.169951e+05     1.800000e+03     1.852063e+00     1.274471e-02    -3.722383e-06     7.319379e-10    -6.560658e-14     1.564350e+01     3.794737e+00     8.427657e-03    -1.923611e-06     2.877966e-10    -1.934186e-14     5.129339e+00
   19. OCHO                     2.548868e+05     3.192664e+05     7.000000e+02     4.258092e+00    -5.720676e-04     7.971437e-06    -6.135649e-09     1.716416e-12     6.008512e+00     2.583740e+00     8.995659e-03    -2.279699e-06     3.730086e-10    -2.697497e-14     1.348909e+01
   20. CHOCHO                   2.723201e+05     3.753884e+05     1.570000e+03     7.083458e-01     2.788575e-02    -1.184515e-05     3.218224e-09    -3.799090e-13     2.137684e+01     9.977603e+00     4.269812e-03    -5.636472e-07     2.459364e-11     1.495901e-15    -2.752310e+01
   21. HCOOH                    2.470567e+05     3.170902e+05     1.640000e+03     1.196913e+00     1.528474e-02    -5.346496e-06     1.289974e-09    -1.410953e-13     1.878208e+01     5.215816e+00     5.482536e-03    -8.637806e-07     7.514616e-11    -2.204875e-15    -2.594946e+00

 -------------------------------------------------------------------------------------------------------------------------------------------------------------------------------------------------------------------------------------------------------------------------------------------


